100,64
93.75,64
92.1875,64
96.875,64
96.875,64
96.875,64
100,64
96.875,64
98.4375,64
98.4375,64
96.875,64
96.875,64
98.4375,64
95.3125,64
96.875,64
98.4375,64
98.4375,64
95.3125,64
96.875,64
95.3125,64
100,64
96.875,64
95.3125,64
95.3125,64
95.3125,64
93.75,64
93.75,64
96.875,64
96.875,64
96.875,64
98.4375,64
95.3125,64
95.3125,64
96.875,64
100,64
98.4375,64
96.875,64
96.875,64
98.4375,64
100,64
100,64
93.75,64
96.875,64
96.875,64
96.875,64
92.1875,64
98.4375,64
96.875,64
100,64
96.875,64
100,64
95.3125,64
96.875,64
93.75,64
93.75,64
98.4375,64
95.3125,64
98.4375,64
95.3125,64
95.3125,64
93.75,64
100,64
98.4375,64
96.875,64
96.875,64
98.4375,64
95.3125,64
96.875,64
95.3125,64
95.3125,64
92.1875,64
96.875,64
100,64
96.875,64
93.75,64
98.4375,64
98.4375,64
98.4375,64
96.875,64
96.875,64
95.3125,64
90.625,64
96.875,64
93.75,64
96.875,64
96.875,64
100,64
96.875,64
96.875,64
95.3125,64
96.875,64
98.4375,64
98.4375,64
98.4375,64
98.4375,64
100,64
89.0625,64
98.4375,64
95.3125,64
100,64
90.625,64
98.4375,64
96.875,64
100,64
96.875,64
98.4375,64
96.875,64
100,64
87.5,64
95.3125,64
96.875,64
93.75,64
96.875,64
96.875,64
98.4375,64
96.875,64
96.875,64
93.75,64
96.875,64
95.3125,64
96.875,64
95.3125,64
95.3125,64
95.3125,64
96.875,64
92.1875,64
98.4375,64
95.3125,64
93.75,64
95.3125,64
95.3125,64
98.4375,64
95.3125,64
95.3125,64
100,64
96.875,64
95.3125,64
98.4375,64
96.875,64
95.3125,64
98.4375,64
95.3125,64
96.875,64
100,64
87.5,64
98.4375,64
95.3125,64
96.875,64
96.875,64
98.4375,64
98.4375,64
95.3125,64
92.1875,64
96.875,64
93.75,64
98.4375,64
96.875,64
100,64
98.4375,64
93.75,64
98.4375,64
95.3125,64
100,64
95.3125,64
92.1875,64
96.875,64
95.3125,64
98.4375,64
100,64
100,64
96.875,64
90.625,64
100,64
98.4375,64
96.875,64
96.875,64
95.3125,64
96.875,64
93.75,64
95.3125,64
100,64
96.875,64
93.75,64
98.4375,64
100,64
100,64
98.4375,64
96.875,64
96.875,64
98.4375,64
98.4375,64
96.875,64
96.875,64
98.4375,64
100,64
92.1875,64
96.875,64
95.3125,64
98.4375,64
98.4375,64
96.875,64
100,64
100,64
92.1875,64
96.875,64
96.875,64
95.3125,64
100,64
98.4375,64
96.875,64
96.875,64
95.3125,64
93.75,64
95.3125,64
96.875,64
95.3125,64
95.3125,64
96.875,64
96.875,64
98.4375,64
98.4375,64
93.75,64
93.75,64
98.4375,64
95.3125,64
98.4375,64
96.875,64
98.4375,64
96.875,64
95.3125,64
96.875,64
95.3125,64
98.4375,64
100,64
95.3125,64
93.75,64
95.3125,64
95.3125,64
95.3125,64
96.875,64
93.75,64
95.3125,64
92.1875,64
98.4375,64
95.3125,64
98.4375,64
92.1875,64
98.4375,64
96.875,64
98.4375,64
100,64
96.875,64
98.4375,64
93.75,64
100,64
98.4375,64
100,64
93.75,64
96.875,64
95.3125,64
96.875,64
96.875,64
98.4375,64
96.875,64
90.625,64
96.875,64
98.4375,64
95.3125,64
98.4375,64
98.4375,64
98.4375,64
98.4375,64
98.4375,64
98.4375,64
95.3125,64
98.4375,64
100,64
92.1875,64
96.875,64
93.75,64
96.875,64
95.3125,64
100,64
98.4375,64
95.3125,64
96.875,64
98.4375,64
98.4375,64
96.875,64
96.875,64
98.4375,64
96.875,64
93.75,64
95.3125,64
96.875,64
98.4375,64
98.4375,64
92.1875,64
98.4375,64
96.875,64
96.875,64
96.875,64
96.875,64
96.875,64
95.3125,64
95.3125,64
95.3125,64
96.875,64
96.875,64
96.875,64
98.4375,64
98.4375,64
96.875,64
98.4375,64
95.3125,64
95.3125,64
98.4375,64
95.3125,64
100,64
95.3125,64
96.875,64
98.4375,64
100,64
98.4375,64
95.3125,64
98.4375,64
98.4375,64
96.875,64
98.4375,64
95.3125,64
98.4375,64
98.4375,64
95.3125,64
95.3125,64
96.875,64
95.3125,64
96.875,64
95.3125,64
95.3125,64
95.3125,64
96.875,64
95.3125,64
98.4375,64
4.6875,64
9.375,64
12.5,64
9.375,64
6.25,64
12.5,64
7.8125,64
10.9375,64
7.8125,64
10.9375,64
9.375,64
6.25,64
7.8125,64
14.0625,64
6.25,64
12.5,64
10.9375,64
10.9375,64
9.375,64
3.125,64
12.5,64
6.25,64
7.8125,64
6.25,64
6.25,64
6.25,64
10.9375,64
15.625,64
12.5,64
7.8125,64
14.0625,64
10.9375,64
14.0625,64
14.0625,64
14.0625,64
3.125,64
7.8125,64
7.8125,64
9.375,64
14.0625,64
9.375,64
6.25,64
6.25,64
6.25,64
9.375,64
4.6875,64
7.8125,64
9.375,64
6.25,64
9.375,64
20.3125,64
6.25,64
7.8125,64
4.6875,64
17.1875,64
4.6875,64
7.8125,64
4.6875,64
12.5,64
9.375,64
15.625,64
9.375,64
6.25,64
10.9375,64
6.25,64
9.375,64
7.8125,64
7.8125,64
15.625,64
7.8125,64
12.5,64
10.9375,64
12.5,64
10.9375,64
12.5,64
6.25,64
15.625,64
10.9375,64
6.25,64
9.375,64
7.8125,64
12.5,64
7.8125,64
7.8125,64
14.0625,64
6.25,64
14.0625,64
6.25,64
7.8125,64
7.8125,64
7.8125,64
12.5,64
9.375,64
10.9375,64
9.375,64
14.0625,64
7.8125,64
3.125,64
7.8125,64
10.9375,64
14.0625,64
6.25,64
17.1875,64
12.5,64
4.6875,64
15.625,64
14.0625,64
10.9375,64
6.25,64
4.6875,64
14.0625,64
6.25,64
14.0625,64
10.9375,64
9.375,64
9.375,64
10.9375,64
10.9375,64
21.875,64
12.5,64
7.8125,64
12.5,64
4.6875,64
7.8125,64
7.8125,64
7.8125,64
12.5,64
15.625,64
9.375,64
6.25,64
14.0625,64
10.9375,64
15.625,64
1.5625,64
10.9375,64
6.25,64
4.6875,64
4.6875,64
10.9375,64
7.8125,64
14.0625,64
7.8125,64
9.375,64
6.25,64
6.25,64
10.9375,64
7.8125,64
7.8125,64
10.9375,64
17.1875,64
7.8125,64
21.875,64
14.0625,64
7.8125,64
12.5,64
6.25,64
4.6875,64
4.6875,64
9.375,64
10.9375,64
14.0625,64
7.8125,64
7.8125,64
7.8125,64
12.5,64
12.5,64
6.25,64
4.6875,64
9.375,64
10.9375,64
9.375,64
9.375,64
12.5,64
14.0625,64
9.375,64
14.0625,64
10.9375,64
12.5,64
15.625,64
6.25,64
9.375,64
4.6875,64
14.0625,64
4.6875,64
18.75,64
10.9375,64
7.8125,64
14.0625,64
10.9375,64
6.25,64
12.5,64
14.0625,64
9.375,64
3.125,64
6.25,64
9.375,64
17.1875,64
6.25,64
9.375,64
7.8125,64
9.375,64
9.375,64
12.5,64
14.0625,64
6.25,64
9.375,64
7.8125,64
10.9375,64
9.375,64
10.9375,64
9.375,64
3.125,64
7.8125,64
9.375,64
7.8125,64
14.0625,64
10.9375,64
6.25,64
15.625,64
9.375,64
10.9375,64
4.6875,64
9.375,64
15.625,64
12.5,64
9.375,64
17.1875,64
10.9375,64
10.9375,64
3.125,64
10.9375,64
9.375,64
7.8125,64
15.625,64
14.0625,64
7.8125,64
6.25,64
10.9375,64
15.625,64
9.375,64
7.8125,64
10.9375,64
14.0625,64
6.25,64
4.6875,64
10.9375,64
10.9375,64
7.8125,64
4.6875,64
6.25,64
9.375,64
10.9375,64
9.375,64
7.8125,64
4.6875,64
9.375,64
10.9375,64
14.0625,64
1.5625,64
9.375,64
14.0625,64
9.375,64
4.6875,64
6.25,64
17.1875,64
6.25,64
15.625,64
10.9375,64
20.3125,64
6.25,64
14.0625,64
10.9375,64
15.625,64
9.375,64
12.5,64
9.375,64
6.25,64
6.25,64
17.1875,64
9.375,64
7.8125,64
6.25,64
7.8125,64
7.8125,64
9.375,64
10.9375,64
10.9375,64
6.25,64
6.25,64
4.6875,64
14.0625,64
9.375,64
12.5,64
15.625,64
10.9375,64
12.5,64
9.375,64
9.375,64
12.5,64
12.5,64
9.375,64
10.9375,64
3.125,64
4.6875,64
6.25,64
20.3125,64
6.25,64
6.25,64
9.375,64
14.0625,64
7.8125,64
20.3125,64
12.5,64
9.375,64
7.8125,64
9.375,64
12.5,64
3.125,64
18.75,64
10.9375,64
6.25,64
15.625,64
9.375,64
4.6875,64
14.0625,64
7.8125,64
9.375,64
6.25,64
7.8125,64
9.375,64
9.375,64
10.9375,64
9.375,64
3.125,64
4.6875,64
4.6875,64
7.8125,64
12.5,64
14.0625,64
3.125,64
12.5,64
10.9375,64
4.6875,64
12.5,64
9.375,64
6.25,64
10.9375,64
14.0625,64
7.8125,64
10.9375,64
9.375,64
7.8125,64
6.25,64
14.0625,64
12.5,64
10.9375,64
10.9375,64
14.0625,64
9.375,64
7.8125,64
14.0625,64
9.375,64
9.375,64
10.9375,64
10.9375,64
9.375,64
6.25,64
17.1875,64
9.375,64
6.25,64
14.0625,64
10.9375,64
14.0625,64
6.25,64
9.375,64
9.375,64
7.8125,64
14.0625,64
10.9375,64
10.9375,64
12.5,64
7.8125,64
14.0625,64
7.8125,64
7.8125,64
7.8125,64
10.9375,64
10.9375,64
9.375,64
6.25,64
4.6875,64
10.9375,64
6.25,64
7.8125,64
15.625,64
6.25,64
9.375,64
12.5,64
7.8125,64
3.125,64
6.25,64
7.8125,64
10.9375,64
9.375,64
10.9375,64
6.25,64
9.375,64
6.25,64
20.3125,64
10.9375,64
7.8125,64
6.25,64
10.9375,64
7.8125,64
6.25,64
6.25,64
6.25,64
9.375,64
7.8125,64
6.25,64
9.375,64
14.0625,64
7.8125,64
10.9375,64
7.8125,64
9.375,64
17.1875,64
9.375,64
12.5,64
10.9375,64
14.0625,64
12.5,64
12.5,64
4.6875,64
12.5,64
6.25,64
6.25,64
7.8125,64
9.375,64
4.6875,64
9.375,64
15.625,64
15.625,64
20.3125,64
3.125,64
9.375,64
6.25,64
9.375,64
9.375,64
10.9375,64
10.9375,64
7.8125,64
14.0625,64
3.125,64
10.9375,64
9.375,64
9.375,64
6.25,64
15.625,64
10.9375,64
9.375,64
4.6875,64
14.0625,64
6.25,64
7.8125,64
9.375,64
7.8125,64
10.9375,64
6.25,64
6.25,64
10.9375,64
6.25,64
6.25,64
7.8125,64
6.25,64
4.6875,64
4.6875,64
15.625,64
12.5,64
10.9375,64
14.0625,64
14.0625,64
9.375,64
12.5,64
4.6875,64
12.5,64
10.9375,64
7.8125,64
6.25,64
15.625,64
10.9375,64
10.9375,64
6.25,64
20.3125,64
6.25,64
20.3125,64
12.5,64
14.0625,64
12.5,64
17.1875,64
6.25,64
7.8125,64
9.375,64
7.8125,64
6.25,64
12.5,64
17.1875,64
12.5,64
12.5,64
14.0625,64
15.625,64
14.0625,64
6.25,64
9.375,64
6.25,64
7.8125,64
9.375,64
12.5,64
9.375,64
4.6875,64
9.375,64
10.9375,64
9.375,64
9.375,64
10.9375,64
7.8125,64
7.8125,64
7.8125,64
7.8125,64
4.6875,64
12.5,64
4.6875,64
1.5625,64
17.1875,64
7.8125,64
9.375,64
12.5,64
12.5,64
3.125,64
4.6875,64
10.9375,64
9.375,64
10.9375,64
7.8125,64
17.1875,64
10.9375,64
3.125,64
7.8125,64
12.5,64
14.0625,64
9.375,64
7.8125,64
1.5625,64
10.9375,64
10.9375,64
18.75,64
14.0625,64
10.9375,64
9.375,64
7.8125,64
10.9375,64
9.375,64
9.375,64
7.8125,64
15.625,64
9.375,64
12.5,64
10.9375,64
12.5,64
10.9375,64
10.9375,64
6.25,64
12.5,64
7.8125,64
10.9375,64
6.25,64
12.5,64
7.8125,64
12.5,64
7.8125,64
14.0625,64
15.625,64
10.9375,64
9.375,64
12.5,64
12.5,64
12.5,64
14.0625,64
12.5,64
3.125,64
15.625,64
7.8125,64
9.375,64
3.125,32
10.9375,64
