0.026201281696558,1
0.14969542622566223,1
0.14882144331932068,1
0.1051001101732254,1
0.08329377323389053,1
0.078864686191082,1
0.03152558207511902,1
0.09129159152507782,1
0.02966710738837719,1
0.03368999809026718,1
0.08576103299856186,1
0.1518591046333313,1
0.09613882750272751,1
0.2096358835697174,1
0.0905424952507019,1
0.06573653221130371,1
0.049750279635190964,1
0.12589025497436523,1
0.05192631110548973,1
0.16752903163433075,1
0.022953957319259644,1
0.05677160620689392,1
0.09169598668813705,1
0.15512104332447052,1
0.1993461549282074,1
0.1504667103290558,1
0.12563396990299225,1
0.058033354580402374,1
0.07713638246059418,1
0.09029510617256165,1
0.19402220845222473,1
0.15571147203445435,1
0.15385180711746216,1
0.06334886699914932,1
0.05525112897157669,1
0.0706958919763565,1
0.22900334000587463,1
0.14810699224472046,1
0.1400212049484253,1
0.026116376742720604,1
0.043567828834056854,1
0.11199155449867249,1
0.11030327528715134,1
0.07554765790700912,1
0.1419752687215805,1
0.15962478518486023,1
0.04157323017716408,1
0.09341317415237427,1
0.02825615182518959,1
0.08633805066347122,1
0.048143159598112106,1
0.0834302082657814,1
0.09660304337739944,1
0.11067038029432297,1
0.13333582878112793,1
0.29521071910858154,1
0.13460595905780792,1
0.07479176670312881,1
0.13373981416225433,1
0.22515961527824402,1
0.24025744199752808,1
0.024145187810063362,1
0.06493786722421646,1
0.07121531665325165,1
0.13236787915229797,1
0.09215524792671204,1
0.10470818728208542,1
0.07332973182201385,1
0.11542441695928574,1
0.08907082676887512,1
0.14466263353824615,1
0.08698609471321106,1
0.04814508929848671,1
0.06869214028120041,1
0.1428966522216797,1
0.05045195668935776,1
0.05011863633990288,1
0.18900376558303833,1
0.1194983422756195,1
0.07917292416095734,1
0.09345661103725433,1
0.18909120559692383,1
0.07589545100927353,1
0.14970606565475464,1
0.050046857446432114,1
0.071353979408741,1
0.046839963644742966,1
0.07773032039403915,1
0.0958571657538414,1
0.17215734720230103,1
0.07044699043035507,1
0.04634860157966614,1
0.038064539432525635,1
0.11742866039276123,1
0.08790452033281326,1
0.031961310654878616,1
0.2727387547492981,1
0.04312121123075485,1
0.13914376497268677,1
0.03650080785155296,1
0.1801339089870453,1
0.055770162492990494,1
0.05598834529519081,1
0.042029380798339844,1
0.15583723783493042,1
0.0781521126627922,1
0.07552966475486755,1
0.056397974491119385,1
0.2931421399116516,1
0.07726453989744186,1
0.05378952994942665,1
0.19563503563404083,1
0.12144852429628372,1
0.08288559317588806,1
0.03656305372714996,1
0.13091285526752472,1
0.08265664428472519,1
0.2371491640806198,1
0.09261272847652435,1
0.12311524897813797,1
0.09468278288841248,1
0.17500987648963928,1
0.2076096534729004,1
0.10146646946668625,1
0.11847568303346634,1
0.27560189366340637,1
0.06327956169843674,1
0.06675030291080475,1
0.19614773988723755,1
0.14468061923980713,1
0.07266402989625931,1
0.06378566473722458,1
0.2364758551120758,1
0.08889639377593994,1
0.060774385929107666,1
0.06401897966861725,1
0.13387683033943176,1
0.15867872536182404,1
0.10760486871004105,1
0.12694010138511658,1
0.06258125603199005,1
0.05654655024409294,1
0.17629662156105042,1
0.04168169945478439,1
0.3884648084640503,1
0.06427889317274094,1
0.17113906145095825,1
0.06797895580530167,1
0.0838310718536377,1
0.04569375142455101,1
0.04453229159116745,1
0.09574887901544571,1
0.14135068655014038,1
0.0751153975725174,1
0.11929397284984589,1
0.07507850229740143,1
0.11062373965978622,1
0.0437169075012207,1
0.05938800424337387,1
0.20604363083839417,1
0.0511816032230854,1
0.10407854616641998,1
0.038344524800777435,1
0.10839731246232986,1
0.2756992280483246,1
0.13234642148017883,1
0.10440221428871155,1
0.04060641676187515,1
0.030434850603342056,1
0.04007476195693016,1
0.047315265983343124,1
0.3036704659461975,1
0.029771380126476288,1
0.05817430466413498,1
0.07273487746715546,1
0.05806007981300354,1
0.21149903535842896,1
0.05780278518795967,1
0.14413410425186157,1
0.29216086864471436,1
0.03298831731081009,1
0.07048408687114716,1
0.18419094383716583,1
0.12203022837638855,1
0.038713257759809494,1
0.02565537765622139,1
0.05209017172455788,1
0.0774572491645813,1
0.07878011465072632,1
0.030382029712200165,1
0.07569210231304169,1
0.08035475015640259,1
0.14738917350769043,1
0.06281696259975433,1
0.05095388740301132,1
0.18884329497814178,1
0.09506121277809143,1
0.1081862822175026,1
0.029412899166345596,1
0.05083382874727249,1
0.13622772693634033,1
0.0669650286436081,1
0.038759853690862656,1
0.12912681698799133,1
0.10762614011764526,1
0.10029102861881256,1
0.14672616124153137,1
0.032082345336675644,1
0.06703244149684906,1
0.4196770489215851,1
0.11004320532083511,1
0.19336797297000885,1
0.12051326781511307,1
0.15587857365608215,1
0.08774656802415848,1
0.22891615331172943,1
0.14732518792152405,1
0.11916710436344147,1
0.19457213580608368,1
0.03954897075891495,1
0.06881509721279144,1
0.12660877406597137,1
0.15672644972801208,1
0.06638941168785095,1
0.11390770971775055,1
0.04866417124867439,1
0.08481522649526596,1
0.06175694987177849,1
0.12117954343557358,1
0.18991780281066895,1
0.06538587808609009,1
0.1212221086025238,1
0.14311960339546204,1
0.024893376976251602,1
0.23145490884780884,1
0.1571779102087021,1
0.10362111777067184,1
0.12891070544719696,1
0.19722728431224823,1
0.08581320941448212,1
0.24790284037590027,1
0.19194768369197845,1
0.20983709394931793,1
0.052458249032497406,1
0.0994097888469696,1
0.0541035532951355,1
0.1507720649242401,1
0.06337554007768631,1
0.14048431813716888,1
0.07505828142166138,1
0.02589402347803116,1
0.06802639365196228,1
0.07250568270683289,1
0.16651692986488342,1
0.029244769364595413,1
0.08636172115802765,1
0.02103552222251892,1
0.1387101113796234,1
0.05381643772125244,1
0.09815330803394318,1
0.12718190252780914,1
0.1920052021741867,1
0.055649884045124054,1
0.09590570628643036,1
0.19414429366588593,1
0.16349446773529053,1
0.04822426289319992,1
0.10542181879281998,1
0.04892932251095772,1
0.04648377746343613,1
0.046952515840530396,1
0.07322947680950165,1
0.04515555500984192,1
0.2243070900440216,1
0.11545240879058838,1
0.04808306694030762,1
0.03948434814810753,1
0.2752874791622162,1
0.18833082914352417,1
0.17202094197273254,1
0.06519144773483276,1
0.11673776060342789,1
0.03566300496459007,1
0.058802999556064606,1
0.11304996907711029,1
0.08802559971809387,1
0.051699522882699966,1
0.0858430340886116,1
0.053823769092559814,1
0.11576710641384125,1
0.07491680234670639,1
0.16764678061008453,1
0.15900063514709473,1
0.15745989978313446,1
0.14207789301872253,1
0.03704851493239403,1
0.07267076522111893,1
0.15669512748718262,1
0.07006371766328812,1
0.0697656199336052,1
0.10020354390144348,1
0.0889347717165947,1
0.04609861969947815,1
0.0851961225271225,1
0.17540830373764038,1
0.13587674498558044,1
0.11725205928087234,1
0.05768886208534241,1
0.14162856340408325,1
0.11769264936447144,1
0.08890821039676666,1
0.043904054909944534,1
0.05877549573779106,1
0.04780074208974838,1
0.11493146419525146,1
0.09990152716636658,1
0.08810262382030487,1
0.08122488856315613,1
0.010218610055744648,1
0.15258246660232544,1
0.08327066153287888,1
0.07896730303764343,1
0.042113691568374634,1
0.0632949247956276,1
0.11955811083316803,1
0.061763133853673935,1
0.14342230558395386,1
0.14991001784801483,1
0.09813696891069412,1
0.18774011731147766,1
0.07743770629167557,1
0.04629360884428024,1
0.20423562824726105,1
0.10145837068557739,1
0.16826827824115753,1
0.15544191002845764,1
0.17241325974464417,1
0.1835070699453354,1
0.171085387468338,1
0.08841028809547424,1
0.08495606482028961,1
0.13665154576301575,1
0.08240748196840286,1
NaN,1
NaN,1
NaN,1
NaN,1
NaN,1
NaN,1
NaN,1
NaN,1
NaN,1
NaN,1
NaN,1
NaN,1
NaN,1
NaN,1
NaN,1
NaN,1
NaN,1
NaN,1
NaN,1
NaN,1
NaN,1
NaN,1
NaN,1
NaN,1
NaN,1
NaN,1
NaN,1
NaN,1
NaN,1
NaN,1
NaN,1
NaN,1
NaN,1
NaN,1
NaN,1
NaN,1
NaN,1
NaN,1
NaN,1
NaN,1
NaN,1
NaN,1
NaN,1
NaN,1
NaN,1
NaN,1
NaN,1
NaN,1
NaN,1
NaN,1
NaN,1
NaN,1
NaN,1
NaN,1
NaN,1
NaN,1
NaN,1
NaN,1
NaN,1
NaN,1
NaN,1
NaN,1
NaN,1
NaN,1
NaN,1
NaN,1
NaN,1
NaN,1
NaN,1
NaN,1
NaN,1
NaN,1
NaN,1
NaN,1
NaN,1
NaN,1
NaN,1
NaN,1
NaN,1
NaN,1
NaN,1
NaN,1
NaN,1
NaN,1
NaN,1
NaN,1
NaN,1
NaN,1
NaN,1
NaN,1
NaN,1
NaN,1
NaN,1
NaN,1
NaN,1
NaN,1
NaN,1
NaN,1
NaN,1
NaN,1
NaN,1
NaN,1
NaN,1
NaN,1
NaN,1
NaN,1
NaN,1
NaN,1
NaN,1
NaN,1
NaN,1
NaN,1
NaN,1
NaN,1
NaN,1
NaN,1
NaN,1
NaN,1
NaN,1
NaN,1
NaN,1
NaN,1
NaN,1
NaN,1
NaN,1
NaN,1
NaN,1
NaN,1
NaN,1
NaN,1
NaN,1
NaN,1
NaN,1
NaN,1
NaN,1
NaN,1
NaN,1
NaN,1
NaN,1
NaN,1
NaN,1
NaN,1
NaN,1
NaN,1
NaN,1
NaN,1
NaN,1
NaN,1
NaN,1
NaN,1
NaN,1
NaN,1
NaN,1
NaN,1
NaN,1
NaN,1
NaN,1
NaN,1
NaN,1
NaN,1
NaN,1
NaN,1
NaN,1
NaN,1
NaN,1
NaN,1
NaN,1
NaN,1
NaN,1
NaN,1
NaN,1
NaN,1
NaN,1
NaN,1
NaN,1
NaN,1
NaN,1
NaN,1
NaN,1
NaN,1
NaN,1
NaN,1
NaN,1
NaN,1
NaN,1
NaN,1
NaN,1
NaN,1
NaN,1
NaN,1
NaN,1
NaN,1
NaN,1
NaN,1
NaN,1
NaN,1
NaN,1
NaN,1
NaN,1
NaN,1
NaN,1
NaN,1
NaN,1
NaN,1
NaN,1
NaN,1
NaN,1
NaN,1
NaN,1
NaN,1
NaN,1
NaN,1
NaN,1
NaN,1
NaN,1
NaN,1
NaN,1
NaN,1
NaN,1
NaN,1
NaN,1
NaN,1
NaN,1
NaN,1
NaN,1
NaN,1
NaN,1
NaN,1
NaN,1
NaN,1
NaN,1
NaN,1
NaN,1
NaN,1
NaN,1
NaN,1
NaN,1
NaN,1
NaN,1
NaN,1
NaN,1
NaN,1
NaN,1
NaN,1
NaN,1
NaN,1
NaN,1
NaN,1
NaN,1
NaN,1
NaN,1
NaN,1
NaN,1
NaN,1
NaN,1
NaN,1
NaN,1
NaN,1
NaN,1
NaN,1
NaN,1
NaN,1
NaN,1
NaN,1
NaN,1
NaN,1
NaN,1
NaN,1
NaN,1
NaN,1
NaN,1
NaN,1
NaN,1
NaN,1
NaN,1
NaN,1
NaN,1
NaN,1
NaN,1
NaN,1
NaN,1
NaN,1
NaN,1
NaN,1
NaN,1
NaN,1
NaN,1
NaN,1
NaN,1
NaN,1
NaN,1
NaN,1
NaN,1
NaN,1
NaN,1
NaN,1
NaN,1
NaN,1
NaN,1
NaN,1
NaN,1
NaN,1
NaN,1
NaN,1
NaN,1
NaN,1
NaN,1
NaN,1
NaN,1
NaN,1
NaN,1
NaN,1
NaN,1
NaN,1
NaN,1
NaN,1
NaN,1
NaN,1
NaN,1
NaN,1
NaN,1
NaN,1
NaN,1
NaN,1
NaN,1
NaN,1
NaN,1
NaN,1
NaN,1
NaN,1
NaN,1
NaN,1
NaN,1
NaN,1
NaN,1
NaN,1
NaN,1
NaN,1
NaN,1
NaN,1
NaN,1
NaN,1
NaN,1
NaN,1
NaN,1
NaN,1
NaN,1
NaN,1
NaN,1
NaN,1
NaN,1
NaN,1
NaN,1
NaN,1
NaN,1
NaN,1
NaN,1
NaN,1
NaN,1
NaN,1
NaN,1
NaN,1
NaN,1
NaN,1
NaN,1
NaN,1
NaN,1
NaN,1
NaN,1
NaN,1
NaN,1
NaN,1
NaN,1
NaN,1
NaN,1
NaN,1
NaN,1
NaN,1
NaN,1
NaN,1
NaN,1
NaN,1
NaN,1
NaN,1
NaN,1
NaN,1
NaN,1
NaN,1
NaN,1
NaN,1
NaN,1
NaN,1
NaN,1
NaN,1
NaN,1
NaN,1
NaN,1
NaN,1
NaN,1
NaN,1
NaN,1
NaN,1
NaN,1
NaN,1
NaN,1
NaN,1
NaN,1
NaN,1
NaN,1
NaN,1
NaN,1
NaN,1
NaN,1
NaN,1
NaN,1
NaN,1
NaN,1
NaN,1
NaN,1
NaN,1
NaN,1
NaN,1
NaN,1
NaN,1
NaN,1
NaN,1
NaN,1
NaN,1
NaN,1
NaN,1
NaN,1
NaN,1
NaN,1
NaN,1
NaN,1
NaN,1
NaN,1
NaN,1
NaN,1
NaN,1
NaN,1
NaN,1
NaN,1
NaN,1
NaN,1
NaN,1
NaN,1
NaN,1
NaN,1
NaN,1
NaN,1
NaN,1
NaN,1
NaN,1
NaN,1
NaN,1
NaN,1
NaN,1
NaN,1
NaN,1
NaN,1
NaN,1
NaN,1
NaN,1
NaN,1
NaN,1
NaN,1
NaN,1
NaN,1
NaN,1
NaN,1
NaN,1
NaN,1
NaN,1
NaN,1
NaN,1
NaN,1
NaN,1
NaN,1
NaN,1
NaN,1
NaN,1
NaN,1
NaN,1
NaN,1
NaN,1
NaN,1
NaN,1
NaN,1
NaN,1
NaN,1
NaN,1
NaN,1
NaN,1
NaN,1
NaN,1
NaN,1
NaN,1
NaN,1
NaN,1
NaN,1
NaN,1
NaN,1
NaN,1
NaN,1
NaN,1
NaN,1
NaN,1
NaN,1
NaN,1
NaN,1
NaN,1
NaN,1
NaN,1
NaN,1
NaN,1
NaN,1
NaN,1
NaN,1
NaN,1
NaN,1
NaN,1
NaN,1
NaN,1
NaN,1
NaN,1
NaN,1
NaN,1
NaN,1
NaN,1
NaN,1
NaN,1
NaN,1
NaN,1
NaN,1
NaN,1
NaN,1
NaN,1
NaN,1
NaN,1
NaN,1
NaN,1
NaN,1
NaN,1
NaN,1
NaN,1
NaN,1
NaN,1
NaN,1
NaN,1
NaN,1
NaN,1
NaN,1
NaN,1
NaN,1
NaN,1
NaN,1
NaN,1
NaN,1
NaN,1
NaN,1
NaN,1
NaN,1
NaN,1
NaN,1
NaN,1
NaN,1
NaN,1
NaN,1
NaN,1
NaN,1
NaN,1
NaN,1
NaN,1
NaN,1
NaN,1
NaN,1
NaN,1
NaN,1
NaN,1
NaN,1
NaN,1
NaN,1
NaN,1
NaN,1
NaN,1
NaN,1
NaN,1
NaN,1
NaN,1
NaN,1
NaN,1
NaN,1
NaN,1
NaN,1
