2.3020386695861816,1
2.3029093742370605,1
2.2916300296783447,1
2.2802107334136963,1
2.2775685787200928,1
2.2641499042510986,1
2.266977548599243,1
2.2662181854248047,1
2.2520840167999268,1
2.2656350135803223,1
2.278968095779419,1
2.2158327102661133,1
2.2687196731567383,1
2.2344558238983154,1
2.2272748947143555,1
2.2173449993133545,1
2.210639476776123,1
2.2164828777313232,1
2.2261829376220703,1
2.2340805530548096,1
2.217402458190918,1
2.1831436157226563,1
2.179314136505127,1
2.1941068172454834,1
2.1509532928466797,1
2.1687822341918945,1
2.1520044803619385,1
2.1153130531311035,1
2.1767659187316895,1
2.1332409381866455,1
2.107658863067627,1
2.1134958267211914,1
2.1251096725463867,1
2.104214668273926,1
2.07041072845459,1
2.0615134239196777,1
2.121594190597534,1
2.062330961227417,1
2.023259162902832,1
2.0171947479248047,1
2.05851149559021,1
2.088566303253174,1
2.068916082382202,1
2.018157958984375,1
1.9703953266143799,1
1.9863709211349487,1
2.063643455505371,1
1.9579038619995117,1
1.9505773782730103,1
1.9464046955108643,1
1.910154104232788,1
1.9517570734024048,1
1.8932616710662842,1
1.9447181224822998,1
1.852853536605835,1
1.924054741859436,1
1.887999176979065,1
1.9363939762115479,1
1.8709752559661865,1
1.7918031215667725,1
1.8168773651123047,1
1.7636641263961792,1
1.8118896484375,1
1.7319056987762451,1
1.728783369064331,1
1.6615493297576904,1
1.740435004234314,1
1.754280924797058,1
1.7593398094177246,1
1.6836457252502441,1
1.677144169807434,1
1.6615452766418457,1
1.6207256317138672,1
1.5919939279556274,1
1.632277250289917,1
1.6199252605438232,1
1.5514744520187378,1
1.5525649785995483,1
1.5687110424041748,1
1.5951707363128662,1
1.5670017004013062,1
1.4068888425827026,1
1.4922202825546265,1
1.5383723974227905,1
1.5305616855621338,1
1.4941526651382446,1
1.443111777305603,1
1.4762629270553589,1
1.408058762550354,1
1.4657104015350342,1
1.450614094734192,1
1.4528770446777344,1
1.3993034362792969,1
1.3516578674316406,1
1.2912706136703491,1
1.2034538984298706,1
1.191893458366394,1
1.2753593921661377,1
1.2963343858718872,1
1.2480831146240234,1
1.131382942199707,1
1.235030174255371,1
1.174984097480774,1
1.1704821586608887,1
1.1334718465805054,1
1.2962995767593384,1
1.1602662801742554,1
1.1259008646011353,1
1.1660516262054443,1
1.0519113540649414,1
1.0537365674972534,1
1.093462586402893,1
1.1913145780563354,1
1.178976058959961,1
1.071402907371521,1
1.0852720737457275,1
1.008885145187378,1
0.9873390197753906,1
0.9899118542671204,1
1.0149166584014893,1
1.0293314456939697,1
0.9162364602088928,1
1.000624179840088,1
1.0289068222045898,1
1.1020735502243042,1
1.0666691064834595,1
1.0921207666397095,1
1.0038819313049316,1
0.95313560962677,1
0.8486496806144714,1
0.7609775066375732,1
0.8429933786392212,1
0.7867880463600159,1
0.9418504238128662,1
0.9446446895599365,1
0.8098489046096802,1
0.9227913618087769,1
1.0293405055999756,1
0.7988623380661011,1
0.7338467836380005,1
0.820619523525238,1
0.7490907907485962,1
0.8396918177604675,1
0.7777185440063477,1
0.8025456666946411,1
0.6951056718826294,1
0.7880567908287048,1
0.9200422763824463,1
0.6584559679031372,1
0.792036771774292,1
0.7602261304855347,1
0.8629115223884583,1
0.820404052734375,1
0.8054280281066895,1
0.8386221528053284,1
0.9262620210647583,1
0.6722567677497864,1
0.8179265856742859,1
0.6743279099464417,1
0.7244658470153809,1
0.672113835811615,1
0.7618571519851685,1
0.4862290620803833,1
0.7465409636497498,1
0.6672790050506592,1
0.6656826734542847,1
0.6637069582939148,1
0.6300448775291443,1
0.5584892630577087,1
0.6939898729324341,1
0.6187214851379395,1
0.6150013208389282,1
0.7188745737075806,1
0.4542589783668518,1
0.4652376174926758,1
0.6919273734092712,1
0.5752519369125366,1
0.644923985004425,1
0.5729519128799438,1
0.5706949234008789,1
0.5350586175918579,1
0.7439010143280029,1
0.496412992477417,1
0.6189289689064026,1
0.5854595899581909,1
0.58538419008255,1
0.555534303188324,1
0.5707948207855225,1
0.7936431765556335,1
0.555972695350647,1
0.6242122650146484,1
0.766527533531189,1
0.6224087476730347,1
0.8964062929153442,1
0.7805041074752808,1
0.5461879968643188,1
0.46669960021972656,1
0.5915205478668213,1
0.5803302526473999,1
0.605732798576355,1
0.5588191151618958,1
0.5625286102294922,1
0.48843666911125183,1
0.637204647064209,1
0.5432999134063721,1
0.5962097644805908,1
0.5711925029754639,1
0.5317436456680298,1
0.5506344437599182,1
0.677108645439148,1
0.5281839370727539,1
0.5700008273124695,1
0.5798930525779724,1
0.5513216257095337,1
0.6311396360397339,1
0.48524051904678345,1
0.6103767156600952,1
0.6590379476547241,1
0.37774980068206787,1
0.6026104688644409,1
0.8109749555587769,1
0.5231163501739502,1
0.7267975807189941,1
0.7011710405349731,1
0.6975647807121277,1
0.35629957914352417,1
0.590064525604248,1
0.6727961897850037,1
0.4259759783744812,1
0.587514340877533,1
0.4341548681259155,1
0.5252349376678467,1
0.7098498344421387,1
0.5718566179275513,1
0.5304774045944214,1
0.4715711772441864,1
0.3600476086139679,1
0.4526200294494629,1
0.4785194993019104,1
0.5825620889663696,1
0.4720240831375122,1
0.40691572427749634,1
0.5459936857223511,1
0.5211658477783203,1
0.6428132057189941,1
0.7127939462661743,1
0.5054094791412354,1
0.42863529920578003,1
0.5210790038108826,1
0.4842432737350464,1
0.5864050388336182,1
0.6378850936889648,1
0.4490557312965393,1
0.45788419246673584,1
0.5701940655708313,1
0.5836669206619263,1
0.5120932459831238,1
0.49532216787338257,1
0.5772408843040466,1
0.6398906111717224,1
0.49640753865242004,1
0.6274906396865845,1
0.7443006038665771,1
0.6685748100280762,1
0.42759865522384644,1
0.4787864685058594,1
0.6770559549331665,1
0.48938846588134766,1
0.5752227306365967,1
0.4843985438346863,1
0.4686955511569977,1
0.29668042063713074,1
0.47388899326324463,1
0.46098417043685913,1
0.43886861205101013,1
0.45863959193229675,1
0.38103967905044556,1
0.6045044660568237,1
0.28221774101257324,1
0.45355871319770813,1
0.6933783888816833,1
0.6427542567253113,1
0.4681207835674286,1
0.5021533370018005,1
0.5449333190917969,1
0.6597216129302979,1
0.49997320771217346,1
0.3794945180416107,1
0.40671995282173157,1
0.35861510038375854,1
0.3760015368461609,1
0.4005657136440277,1
0.5504332780838013,1
0.3553321957588196,1
0.6687948703765869,1
0.5299822688102722,1
0.6028943657875061,1
0.39320260286331177,1
0.631434977054596,1
0.47385281324386597,1
0.558975100517273,1
0.40060046315193176,1
0.466907799243927,1
0.447070837020874,1
0.43508851528167725,1
0.5955550670623779,1
0.5354956984519958,1
0.3166976571083069,1
0.4096531569957733,1
0.6212878227233887,1
0.5078051686286926,1
0.5453585982322693,1
0.6486709713935852,1
0.41470932960510254,1
0.48396432399749756,1
0.5486361384391785,1
0.401736319065094,1
0.4921034574508667,1
0.58680260181427,1
0.34532028436660767,1
0.32736846804618835,1
0.4847720265388489,1
0.48992300033569336,1
0.5240111947059631,1
0.5866079926490784,1
0.5592548847198486,1
0.3407602906227112,1
0.48256194591522217,1
0.3062170445919037,1
0.6035150289535522,1
0.5524965524673462,1
0.5258337259292603,1
0.41474589705467224,1
0.3840353190898895,1
0.34593576192855835,1
0.6430392265319824,1
0.40973252058029175,1
0.501496434211731,1
0.5617315769195557,1
0.3051159679889679,1
0.32481229305267334,1
0.4804016053676605,1
0.49644801020622253,1
0.41887322068214417,1
0.657220184803009,1
0.3144139051437378,1
0.4880262613296509,1
0.47856199741363525,1
0.4583064615726471,1
0.3909280002117157,1
0.4735509157180786,1
0.4635975658893585,1
0.4605426788330078,1
0.7338842749595642,1
0.4531453847885132,1
0.5210513472557068,1
0.5487662553787231,1
0.347609281539917,1
0.4012678265571594,1
0.3784528970718384,1
0.5171826481819153,1
0.30069196224212646,1
0.5580783486366272,1
0.41166701912879944,1
0.413086473941803,1
0.27801528573036194,1
0.3816969692707062,1
0.3800998032093048,1
0.39604267477989197,1
0.4525543451309204,1
0.3248315453529358,1
0.3549278974533081,1
0.5033107995986938,1
0.3691641390323639,1
0.45840132236480713,1
0.4288010597229004,1
0.39566975831985474,1
0.3499346375465393,1
0.3568698465824127,1
0.36305856704711914,1
0.4360889792442322,1
0.4404347240924835,1
0.5050316452980042,1
0.359855055809021,1
0.8711087703704834,1
0.3138601779937744,1
0.4140438139438629,1
0.357219398021698,1
0.2399822473526001,1
0.658948540687561,1
0.5876009464263916,1
0.46536463499069214,1
0.3427525460720062,1
0.5097059011459351,1
0.3610178232192993,1
0.32368868589401245,1
0.3884202837944031,1
0.3505651354789734,1
0.35223495960235596,1
0.5291996002197266,1
0.4093785583972931,1
0.36307331919670105,1
0.5461874008178711,1
0.5883699655532837,1
0.4293312430381775,1
0.6070834398269653,1
0.49856874346733093,1
0.3801841735839844,1
0.2805435061454773,1
0.3042095899581909,1
0.43713024258613586,1
0.38311517238616943,1
0.2097381353378296,1
0.3634822964668274,1
0.3983767032623291,1
0.4309385418891907,1
0.32424989342689514,1
0.38997751474380493,1
0.3762928247451782,1
0.5023255944252014,1
0.2628892660140991,1
0.5983088612556458,1
0.2976449131965637,1
0.5339977741241455,1
0.4925425350666046,1
0.5974633097648621,1
0.5604908466339111,1
0.48762476444244385,1
0.562786340713501,1
0.3756714463233948,1
0.2836742401123047,1
0.31235963106155396,1
0.46808862686157227,1
0.4012124538421631,1
0.3269146680831909,1
0.4709767699241638,1
0.3333895802497864,1
0.31261157989501953,1
0.30554884672164917,1
0.2948596775531769,1
0.33345285058021545,1
0.3831307888031006,1
0.39173057675361633,1
0.4766366481781006,1
0.3469177484512329,1
0.3367171883583069,1
0.6378936171531677,1
0.3566473126411438,1
0.24038830399513245,1
0.4119377136230469,1
0.30846238136291504,1
0.34752121567726135,1
0.45984673500061035,1
0.5759966969490051,1
0.44831523299217224,1
0.35095706582069397,1
0.7171443104743958,1
0.4113480746746063,1
0.23393237590789795,1
0.43322837352752686,1
0.3456729054450989,1
0.5925344228744507,1
0.3860437273979187,1
0.35848432779312134,1
0.3398312032222748,1
0.5299336910247803,1
0.4364170730113983,1
0.35353583097457886,1
0.4165709912776947,1
0.24933195114135742,1
0.26823747158050537,1
0.3982387185096741,1
0.1991831511259079,1
0.44515854120254517,1
0.3528366982936859,1
0.2973608672618866,1
0.2907913029193878,1
0.21617387235164642,1
0.29251396656036377,1
0.5178530216217041,1
0.36347833275794983,1
0.37126433849334717,1
0.5713061690330505,1
0.6297126412391663,1
0.34472352266311646,1
0.3134928047657013,1
0.3316819667816162,1
0.3476988673210144,1
0.40509554743766785,1
0.5192245244979858,1
0.31720107793807983,1
0.43268120288848877,1
0.33343449234962463,1
0.32796710729599,1
0.3834625482559204,1
0.40435075759887695,1
0.46550893783569336,1
0.5373536348342896,1
0.4244122803211212,1
0.5556607246398926,1
0.4630664885044098,1
0.45683974027633667,1
0.4454438090324402,1
0.6492602229118347,1
0.3737209439277649,1
0.4729769229888916,1
0.3820476830005646,1
0.5285450220108032,1
0.4535529613494873,1
0.41637733578681946,1
0.23644030094146729,1
0.2791104316711426,1
0.3884056806564331,1
0.4709957540035248,1
0.6605889797210693,1
0.34331271052360535,1
0.32861271500587463,1
0.39749133586883545,1
0.39384347200393677,1
0.33705592155456543,1
0.6130449771881104,1
0.47361108660697937,1
0.42035436630249023,1
0.2944616675376892,1
0.4913681149482727,1
0.4561843276023865,1
0.5240241289138794,1
0.2597666382789612,1
0.32210689783096313,1
0.354287713766098,1
0.4549564719200134,1
0.5718191266059875,1
0.32996276021003723,1
0.3426002264022827,1
0.48933547735214233,1
0.5322220325469971,1
0.23229533433914185,1
0.25349247455596924,1
0.43221375346183777,1
0.3758813738822937,1
0.43060845136642456,1
0.39478734135627747,1
0.44752079248428345,1
0.277870237827301,1
0.5891517996788025,1
0.31039130687713623,1
0.3654584288597107,1
0.441633403301239,1
0.4646208882331848,1
0.5439192056655884,1
0.40731850266456604,1
0.35269302129745483,1
0.33013078570365906,1
0.5021520853042603,1
0.4194211959838867,1
0.42810696363449097,1
0.4120646119117737,1
0.6366758942604065,1
0.5142216682434082,1
0.3835356831550598,1
0.4095875322818756,1
0.31232574582099915,1
0.2762959897518158,1
0.44261640310287476,1
0.4008144736289978,1
0.3824205994606018,1
0.4760010540485382,1
0.14683985710144043,1
0.5049219131469727,1
0.24318812787532806,1
0.2680225372314453,1
0.32760050892829895,1
0.3753448724746704,1
0.45233288407325745,1
0.3519819974899292,1
0.4302377998828888,1
0.30730828642845154,1
0.3480425477027893,1
0.23245567083358765,1
0.296890527009964,1
0.3921957015991211,1
0.4725762903690338,1
0.271466463804245,1
0.2750956118106842,1
0.4424547851085663,1
0.1875804364681244,1
0.2623460590839386,1
0.38724154233932495,1
0.4968581795692444,1
0.3116019368171692,1
0.4634290337562561,1
0.5880199074745178,1
0.33000463247299194,1
0.2515357434749603,1
0.3007934093475342,1
0.3277866244316101,1
0.4875316023826599,1
0.29469382762908936,1
0.5352250337600708,1
0.20387300848960876,1
0.5101961493492126,1
0.28654250502586365,1
0.3103759288787842,1
0.3128109574317932,1
0.3246441185474396,1
0.2685197591781616,1
0.35729098320007324,1
0.48607999086380005,1
0.350375235080719,1
0.29221710562705994,1
0.44173651933670044,1
0.3587389588356018,1
0.4695771038532257,1
0.4190291464328766,1
0.5089703798294067,1
0.28417056798934937,1
0.5128288269042969,1
0.5812332630157471,1
0.5454220771789551,1
0.24870365858078003,1
0.3658692240715027,1
0.6439464092254639,1
0.547310471534729,1
0.21777862310409546,1
0.3758055567741394,1
0.38889753818511963,1
0.1377948522567749,1
0.2808903157711029,1
0.42112618684768677,1
0.3031923174858093,1
0.3252028822898865,1
0.33807772397994995,1
0.5877330303192139,1
0.4696391224861145,1
0.4219640791416168,1
0.22555150091648102,1
0.2722735106945038,1
0.2864189147949219,1
0.25921815633773804,1
0.3660288453102112,1
0.39456093311309814,1
0.4383842945098877,1
0.2418934404850006,1
0.5214102268218994,1
0.3790339231491089,1
0.37242740392684937,1
0.3836479187011719,1
0.3916783034801483,1
0.20465484261512756,1
0.22442716360092163,1
0.2883338928222656,1
0.34316200017929077,1
0.40555936098098755,1
0.19823476672172546,1
0.3562878966331482,1
0.22774150967597961,1
0.4318958520889282,1
0.24016627669334412,1
0.31464600563049316,1
0.35440686345100403,1
0.22919264435768127,1
0.3556051254272461,1
0.4170266091823578,1
0.35944557189941406,1
0.49794507026672363,1
0.14674754440784454,1
0.3559265732765198,1
0.4444926679134369,1
0.3530784845352173,1
0.4068145155906677,1
0.19197684526443481,1
0.36264485120773315,1
0.2626206576824188,1
0.18406818807125092,1
0.2127862274646759,1
0.23343653976917267,1
0.31999778747558594,1
0.22353866696357727,1
0.22501789033412933,1
0.2767077684402466,1
0.3926609456539154,1
0.341416597366333,1
0.4946718215942383,1
0.36083754897117615,1
0.36475685238838196,1
0.5908003449440002,1
0.3895634412765503,1
0.3091006278991699,1
0.2201787680387497,1
0.27031442523002625,1
0.16273997724056244,1
0.39622390270233154,1
0.38650912046432495,1
0.2697749137878418,1
0.3196503520011902,1
0.3234799802303314,1
0.1814192831516266,1
0.1970428228378296,1
0.364878386259079,1
0.3350132703781128,1
0.27484822273254395,1
0.18792641162872314,1
0.2741912305355072,1
0.30710673332214355,1
0.29241544008255005,1
0.3568413257598877,1
0.4523138701915741,1
0.4331716299057007,1
0.4291217029094696,1
0.3893851041793823,1
0.3763766586780548,1
0.47990578413009644,1
0.31095612049102783,1
0.32577502727508545,1
0.3326421082019806,1
0.3408344089984894,1
0.35838696360588074,1
0.21287024021148682,1
0.29785600304603577,1
0.3028784990310669,1
0.34241190552711487,1
0.3710052967071533,1
0.18718965351581573,1
0.39191633462905884,1
0.19971588253974915,1
0.18198148906230927,1
0.5148850679397583,1
0.29541707038879395,1
0.38678115606307983,1
0.3606002926826477,1
0.2810676097869873,1
0.3958824872970581,1
0.5299556851387024,1
0.27859750390052795,1
0.4431309700012207,1
0.23127177357673645,1
0.32326194643974304,1
0.2281987965106964,1
0.19268836081027985,1
0.3236827552318573,1
0.3742620646953583,1
0.24432975053787231,1
0.5026741027832031,1
0.3538514971733093,1
0.24930426478385925,1
0.2651402950286865,1
0.22410321235656738,1
0.303985059261322,1
0.36944565176963806,1
0.26348885893821716,1
0.1619257926940918,1
0.38727205991744995,1
0.323537677526474,1
0.3641660809516907,1
0.2841815650463104,1
0.3580769896507263,1
0.2757863402366638,1
0.3698706030845642,1
0.2659704089164734,1
0.25376176834106445,1
0.2801894247531891,1
0.24570922553539276,1
0.23777154088020325,1
0.2470003366470337,1
0.2714017629623413,1
0.28415730595588684,1
0.38125211000442505,1
0.2895611524581909,1
0.1641746163368225,1
0.36546775698661804,1
0.3924250304698944,1
0.4581287205219269,1
0.296893447637558,1
0.22841985523700714,1
0.4410219192504883,1
0.18136318027973175,1
0.3275376558303833,1
0.2226010262966156,1
0.29273557662963867,1
0.5232731103897095,1
0.24421168863773346,1
0.366637259721756,1
0.3202884793281555,1
0.5243383646011353,1
0.2469065636396408,1
0.3089789152145386,1
0.2731146812438965,1
0.24639984965324402,1
0.5173304080963135,1
0.30813270807266235,1
0.4966678321361542,1
0.3067939579486847,1
0.28411900997161865,1
0.28811976313591003,1
0.34778323769569397,1
0.234383225440979,1
0.3601495027542114,1
0.2910100817680359,1
0.26772087812423706,1
0.34334126114845276,1
0.35384249687194824,1
0.2912517786026001,1
0.221230149269104,1
0.27222955226898193,1
0.2514212429523468,1
0.3655799627304077,1
0.4160708487033844,1
0.24912399053573608,1
0.34065017104148865,1
0.517688512802124,1
0.17902949452400208,1
0.2937380373477936,1
0.39497649669647217,1
0.38788652420043945,1
0.3181007504463196,1
0.22936591506004333,1
0.24601218104362488,1
0.19119518995285034,1
0.4424220025539398,1
0.3662448227405548,1
0.1595851480960846,1
0.43195801973342896,1
0.09447184205055237,1
0.3245737850666046,1
0.5747137665748596,1
0.2485414743423462,1
0.3153325915336609,1
0.21761731803417206,1
0.3825360834598541,1
0.4802200198173523,1
0.30893486738204956,1
0.43649816513061523,1
0.2769494652748108,1
0.44801416993141174,1
0.6626293659210205,1
0.24529942870140076,1
0.22741517424583435,1
0.47819042205810547,1
0.23584403097629547,1
0.3346855640411377,1
0.2918921709060669,1
0.3549887537956238,1
0.26266926527023315,1
0.24834409356117249,1
0.2690386176109314,1
0.36328765749931335,1
0.39020848274230957,1
0.3050798773765564,1
0.43505772948265076,1
0.35964298248291016,1
0.3469357192516327,1
0.33779698610305786,1
0.1778886765241623,1
0.3085508644580841,1
0.2674906849861145,1
0.25328707695007324,1
0.2633419334888458,1
0.20489388704299927,1
0.25075018405914307,1
0.30318838357925415,1
0.22768506407737732,1
0.4050007462501526,1
0.3044047951698303,1
0.16578125953674316,1
0.35704654455184937,1
0.15553361177444458,1
0.46755316853523254,1
0.2931780219078064,1
0.2580314576625824,1
0.32558465003967285,1
0.3262019753456116,1
0.2955261468887329,1
0.37044745683670044,1
0.24972003698349,1
0.4124452471733093,1
0.14414268732070923,1
0.199682354927063,1
0.20397570729255676,1
0.12036372721195221,1
0.4144535958766937,1
0.3168153166770935,1
0.3100075125694275,1
0.3951517939567566,1
0.3529435396194458,1
0.20405909419059753,1
0.21419376134872437,1
0.27196940779685974,1
0.4050085246562958,1
0.2269883006811142,1
0.3136763274669647,1
0.4165107309818268,1
0.31151437759399414,1
0.21111735701560974,1
0.16364258527755737,1
0.3027011752128601,1
0.2293955683708191,1
0.34831294417381287,1
0.4353690445423126,1
0.2156771421432495,1
0.22627481818199158,1
0.36440664529800415,1
0.36227092146873474,1
0.2554187476634979,1
0.599655032157898,1
0.23420746624469757,1
0.2277386486530304,1
0.35542500019073486,1
0.2696036696434021,1
0.3113655745983124,1
0.15664644539356232,1
0.31106507778167725,1
0.30697089433670044,1
0.37240612506866455,1
0.41058939695358276,1
0.338058739900589,1
0.3887386918067932,1
0.09929940104484558,1
0.47226282954216003,1
0.2760372757911682,1
0.1835879683494568,1
0.21451513469219208,1
0.29988858103752136,1
0.2675074636936188,1
0.21085825562477112,1
0.33114635944366455,1
0.2641445994377136,1
0.18712203204631805,1
0.24888494610786438,1
0.30212146043777466,1
0.20821644365787506,1
0.3251224756240845,1
0.25428345799446106,1
0.2485601007938385,1
0.24997654557228088,1
0.21055015921592712,1
0.21174322068691254,1
0.44588276743888855,1
0.17622189223766327,1
