0.22394365072250366,1
0.3504244387149811,1
0.10432938486337662,1
0.10811051726341248,1
0.1448459029197693,1
0.25604990124702454,1
0.16470125317573547,1
0.12695637345314026,1
0.45719972252845764,1
0.21815434098243713,1
0.11064370721578598,1
0.15357446670532227,1
0.19091761112213135,1
0.24948687851428986,1
0.19196219742298126,1
0.1887037307024002,1
0.09725005179643631,1
0.13585543632507324,1
0.2885151207447052,1
0.1536167860031128,1
0.28146469593048096,1
0.10741528868675232,1
0.14534133672714233,1
0.21687191724777222,1
0.15658217668533325,1
0.13389194011688232,1
0.1721285581588745,1
0.3132755756378174,1
0.1360080987215042,1
0.3137955665588379,1
0.1617634892463684,1
0.14958743751049042,1
0.1960800588130951,1
0.13688096404075623,1
0.20155037939548492,1
0.1777230203151703,1
0.2824796736240387,1
0.22639745473861694,1
0.15400919318199158,1
0.10944068431854248,1
0.20455682277679443,1
0.0836273729801178,1
0.21812014281749725,1
0.08866960555315018,1
0.05271650105714798,1
0.2675374746322632,1
0.22899530827999115,1
0.4102513790130615,1
0.07550689578056335,1
0.12431907653808594,1
0.127884179353714,1
0.13534609973430634,1
0.28802013397216797,1
0.18317636847496033,1
0.2336423546075821,1
0.14285406470298767,1
0.1080845445394516,1
0.2563912868499756,1
0.2954169809818268,1
0.17100250720977783,1
0.16267144680023193,1
0.1096009612083435,1
0.27948933839797974,1
0.1136760488152504,1
0.32763975858688354,1
0.18919774889945984,1
0.28215277194976807,1
0.1609952300786972,1
0.1563514769077301,1
0.14029891788959503,1
0.21440312266349792,1
0.2383020967245102,1
0.17289000749588013,1
0.21428927779197693,1
0.09279212355613708,1
0.09353020787239075,1
0.14813438057899475,1
0.14653828740119934,1
0.25196531414985657,1
0.1123514473438263,1
0.17726847529411316,1
0.20253756642341614,1
0.0870514065027237,1
0.14566904306411743,1
0.1439656764268875,1
0.18704655766487122,1
0.1717064529657364,1
0.08057460188865662,1
0.17609566450119019,1
0.21802480518817902,1
0.143612802028656,1
0.255376398563385,1
0.16659754514694214,1
0.19201962649822235,1
0.4669906497001648,1
0.14112336933612823,1
0.10857430845499039,1
0.15788087248802185,1
0.2323448807001114,1
0.41162800788879395,1
0.19387368857860565,1
0.2731010317802429,1
0.11642146110534668,1
0.24426764249801636,1
0.1235564723610878,1
0.14470520615577698,1
0.25432339310646057,1
0.334626704454422,1
0.12124741077423096,1
0.1778465360403061,1
0.13206079602241516,1
0.20551374554634094,1
0.20828303694725037,1
0.09185166656970978,1
0.25405535101890564,1
0.2821051776409149,1
0.30197736620903015,1
0.15991760790348053,1
0.16836170852184296,1
0.06547822803258896,1
0.3659082055091858,1
0.12178684026002884,1
0.1730719953775406,1
0.1555447280406952,1
0.14372211694717407,1
0.2418498992919922,1
0.4430466890335083,1
0.19966503977775574,1
0.2174687683582306,1
0.14417827129364014,1
0.2130938172340393,1
0.1277795135974884,1
0.159877210855484,1
0.227975994348526,1
0.07989004254341125,1
0.24091693758964539,1
0.12108196318149567,1
0.12318934500217438,1
0.1885148286819458,1
0.265082448720932,1
0.19494745135307312,1
0.20517228543758392,1
0.31871840357780457,1
0.12762916088104248,1
0.3606199324131012,1
0.2296353429555893,1
0.3210130035877228,1
0.15586265921592712,1
0.08000452816486359,1
0.22523219883441925,1
0.3473377823829651,1
0.09700801968574524,1
0.18499812483787537,1
0.21510155498981476,1
0.16659951210021973,1
0.35595229268074036,1
0.19859518110752106,1
0.46115177869796753,1
0.13760057091712952,1
0.20329388976097107,1
0.07572832703590393,1
0.2801249623298645,1
0.22881707549095154,1
0.16576126217842102,1
0.18469300866127014,1
0.04121892899274826,1
0.247221440076828,1
0.13787071406841278,1
0.15661822259426117,1
0.14990739524364471,1
0.17405512928962708,1
0.3226048946380615,1
0.28360599279403687,1
0.21164286136627197,1
0.16161274909973145,1
0.26649656891822815,1
0.2264876663684845,1
0.09787818044424057,1
0.23814530670642853,1
0.10982386022806168,1
0.1227041706442833,1
0.3441559672355652,1
0.16323113441467285,1
0.2081754207611084,1
0.23261955380439758,1
0.21204572916030884,1
0.13344410061836243,1
0.2551082670688629,1
0.2773856520652771,1
0.1391971856355667,1
0.29181569814682007,1
0.5182257890701294,1
0.1010897308588028,1
0.14596638083457947,1
0.10829530656337738,1
0.2497534304857254,1
0.3079257011413574,1
0.14387919008731842,1
0.1719885766506195,1
0.12964576482772827,1
0.19555509090423584,1
0.31919366121292114,1
0.292522668838501,1
0.2289312332868576,1
0.1406978964805603,1
0.2545698285102844,1
0.2989192605018616,1
0.10458613932132721,1
0.12437883764505386,1
0.14465677738189697,1
0.4004526436328888,1
0.1802341639995575,1
0.10225123167037964,1
0.2925548255443573,1
0.16163469851016998,1
0.27688902616500854,1
0.15921905636787415,1
0.3017579913139343,1
0.10508691519498825,1
0.18890774250030518,1
0.18186599016189575,1
0.06211453303694725,1
0.15776869654655457,1
0.12340538203716278,1
0.12767964601516724,1
0.2751787006855011,1
0.18174642324447632,1
0.07418475300073624,1
0.16654051840305328,1
0.09457355737686157,1
0.12968409061431885,1
0.1212940365076065,1
0.1979539692401886,1
0.28923216462135315,1
0.16455437242984772,1
0.18006066977977753,1
0.15514901280403137,1
0.138730987906456,1
0.11120496690273285,1
0.09828214347362518,1
0.18965813517570496,1
0.2409002184867859,1
0.21283836662769318,1
0.11373624205589294,1
0.1169028952717781,1
0.12985795736312866,1
0.21166491508483887,1
0.32271119952201843,1
0.18411549925804138,1
0.17699360847473145,1
0.17899414896965027,1
0.33617162704467773,1
0.1303216516971588,1
0.12179239094257355,1
0.06448016315698624,1
0.11385096609592438,1
0.10422791540622711,1
0.07416027784347534,1
0.12684114277362823,1
0.22583605349063873,1
0.45342063903808594,1
0.24137914180755615,1
0.1905115395784378,1
0.059028949588537216,1
0.09366504848003387,1
0.3118912875652313,1
0.16916297376155853,1
0.23314163088798523,1
0.12682554125785828,1
0.18551738560199738,1
0.0803745687007904,1
0.3530518114566803,1
0.17191043496131897,1
0.1540858894586563,1
0.24277064204216003,1
0.12563569843769073,1
0.14201337099075317,1
0.22447744011878967,1
0.4664230942726135,1
0.10774274170398712,1
0.3196741044521332,1
0.13062861561775208,1
0.3632254898548126,1
0.1404576599597931,1
0.2921610474586487,1
0.13405458629131317,1
0.07542493939399719,1
0.06391526758670807,1
0.154228076338768,1
0.0981253907084465,1
0.27917951345443726,1
0.2046641707420349,1
0.1515696793794632,1
0.1511862576007843,1
0.26417720317840576,1
0.18675896525382996,1
0.17168210446834564,1
0.14672309160232544,1
0.35704267024993896,1
0.12236006557941437,1
0.22244209051132202,1
0.17232590913772583,1
0.3669595718383789,1
0.25113236904144287,1
0.2971609830856323,1
0.2353210151195526,1
0.15045511722564697,1
0.11621461063623428,1
0.1491435021162033,1
0.0754786878824234,1
0.12065985798835754,1
0.27295875549316406,1
0.036724451929330826,1
0.15359053015708923,1
0.1628722995519638,1
0.1405663937330246,1
0.1419006735086441,1
0.14506655931472778,1
0.1695055365562439,1
0.15066379308700562,1
0.37038636207580566,1
0.12607517838478088,1
0.1967083066701889,1
0.23931294679641724,1
0.14905212819576263,1
0.16392925381660461,1
0.2765244245529175,1
0.15515843033790588,1
0.1460694521665573,1
0.2517743706703186,1
0.23921902477741241,1
0.16734753549098969,1
0.13273969292640686,1
0.13535234332084656,1
0.13526692986488342,1
0.10134349763393402,1
0.18415920436382294,1
0.12623390555381775,1
0.1816001981496811,1
0.07003822177648544,1
0.1013832837343216,1
0.2198031097650528,1
0.1628020852804184,1
0.1905967891216278,1
0.21113578975200653,1
0.07655461877584457,1
0.09552209079265594,1
0.13488171994686127,1
0.12938837707042694,1
0.1792813390493393,1
0.2554444670677185,1
0.0685650110244751,1
0.178243026137352,1
0.13350635766983032,1
0.1376388818025589,1
0.1764923632144928,1
0.1660059690475464,1
0.15052294731140137,1
0.15797382593154907,1
0.14855457842350006,1
0.23922090232372284,1
0.3558990955352783,1
0.12239756435155869,1
0.1128392219543457,1
0.13257157802581787,1
0.18144755065441132,1
0.2160593569278717,1
0.10627339780330658,1
0.13445468246936798,1
0.12607909739017487,1
0.29458022117614746,1
0.1600155085325241,1
0.21224050223827362,1
0.3108348846435547,1
0.14674705266952515,1
0.14711441099643707,1
0.19339117407798767,1
0.13221198320388794,1
0.1692337691783905,1
0.16721680760383606,1
0.1445574015378952,1
0.10234393179416656,1
0.12552917003631592,1
0.21388036012649536,1
0.27794021368026733,1
0.20298774540424347,1
0.14550745487213135,1
0.16788583993911743,1
0.12172951549291611,1
0.12573198974132538,1
0.27877020835876465,1
0.2542388439178467,1
0.11929831653833389,1
0.11284851282835007,1
0.13859155774116516,1
0.18482989072799683,1
0.21931400895118713,1
0.15061482787132263,1
0.29864776134490967,1
0.34607118368148804,1
0.17944012582302094,1
0.3116424083709717,1
0.16630171239376068,1
0.14461858570575714,1
0.25856706500053406,1
0.0966009572148323,1
0.08148006349802017,1
0.21740847826004028,1
0.15072979032993317,1
0.0730280801653862,1
0.25950443744659424,1
0.15992924571037292,1
0.16224470734596252,1
0.16025598347187042,1
0.2838045358657837,1
0.17556148767471313,1
0.1376948207616806,1
0.35947078466415405,1
0.23711103200912476,1
0.1305776834487915,1
0.057643771171569824,1
0.22501115500926971,1
0.2509591281414032,1
0.2417338788509369,1
0.22009846568107605,1
0.1233462393283844,1
0.19619864225387573,1
0.16119307279586792,1
0.24601586163043976,1
0.07324911653995514,1
0.07072725147008896,1
0.15162762999534607,1
0.2546937167644501,1
0.2795483469963074,1
0.18642714619636536,1
0.22574135661125183,1
0.3643221855163574,1
0.128474622964859,1
0.22893819212913513,1
0.10166127234697342,1
0.22086019814014435,1
0.11800899356603622,1
0.2305544912815094,1
0.29532328248023987,1
0.06514774262905121,1
0.2154960036277771,1
0.19558870792388916,1
0.1451718509197235,1
0.14329545199871063,1
0.1802409291267395,1
0.23209695518016815,1
0.3071403503417969,1
0.5252013802528381,1
0.1870526224374771,1
0.15104517340660095,1
0.1992957592010498,1
0.09899870306253433,1
0.2362237125635147,1
0.13209965825080872,1
0.08975251019001007,1
0.36429619789123535,1
0.285185843706131,1
0.24936866760253906,1
0.11691217124462128,1
0.09994746744632721,1
0.25717490911483765,1
0.2546869218349457,1
0.21195584535598755,1
0.2499922662973404,1
0.3134670853614807,1
0.30825793743133545,1
0.2126677930355072,1
0.06596965342760086,1
0.17425638437271118,1
0.11246813833713531,1
0.19152647256851196,1
0.15481925010681152,1
0.26685288548469543,1
0.21404911577701569,1
0.11120760440826416,1
0.10445904731750488,1
0.22816498577594757,1
0.11308242380619049,1
0.17711877822875977,1
0.17470042407512665,1
0.1549254208803177,1
0.06690917909145355,1
0.11694242060184479,1
0.2970876693725586,1
0.15491625666618347,1
0.08516529947519302,1
0.07187110930681229,1
0.1917513757944107,1
0.06524194031953812,1
0.10537385940551758,1
0.3406657576560974,1
0.1632596105337143,1
0.09522738307714462,1
0.1502278745174408,1
0.14047053456306458,1
0.24211397767066956,1
0.336240291595459,1
0.12310297787189484,1
0.16750431060791016,1
0.12660659849643707,1
0.17217135429382324,1
0.22188176214694977,1
0.33474278450012207,1
0.2174399346113205,1
0.2084331214427948,1
0.22371697425842285,1
0.15008094906806946,1
0.20524226129055023,1
0.20052391290664673,1
0.10927331447601318,1
0.248555988073349,1
0.14462125301361084,1
0.12338125705718994,1
0.14745217561721802,1
0.19765602052211761,1
0.0781816840171814,1
0.3786808252334595,1
0.2268245965242386,1
0.11197616159915924,1
0.11827799677848816,1
0.13183914124965668,1
0.15606871247291565,1
0.12063497304916382,1
0.16209203004837036,1
0.357140451669693,1
0.07240325212478638,1
0.14549864828586578,1
0.09682498872280121,1
0.2329486757516861,1
0.10377423465251923,1
0.16964896023273468,1
0.13274195790290833,1
0.12812823057174683,1
0.07719917595386505,1
0.16920772194862366,1
0.3047259747982025,1
0.17144781351089478,1
0.20969834923744202,1
0.17129871249198914,1
0.260149747133255,1
0.12232594937086105,1
0.2186770737171173,1
0.19675350189208984,1
0.14112186431884766,1
0.10670608282089233,1
0.11410637199878693,1
0.17907945811748505,1
0.21608050167560577,1
0.24648332595825195,1
0.34528297185897827,1
0.14802666008472443,1
0.2773067057132721,1
0.20876100659370422,1
0.17838290333747864,1
0.09131298959255219,1
0.11379122734069824,1
0.1328916698694229,1
0.289511501789093,1
0.10506869107484818,1
0.1818009465932846,1
0.10450085252523422,1
0.09035316854715347,1
0.07540875673294067,1
0.08704112470149994,1
0.0916624516248703,1
0.3069612681865692,1
0.24287986755371094,1
0.23062531650066376,1
0.3226003348827362,1
0.09077809751033783,1
0.10766294598579407,1
0.05679279938340187,1
0.131403848528862,1
0.6240115165710449,1
0.21715472638607025,1
0.2624615430831909,1
0.16724908351898193,1
0.15123912692070007,1
0.21278321743011475,1
0.23110350966453552,1
0.3622077703475952,1
0.151197612285614,1
0.23154468834400177,1
0.2162027209997177,1
0.09149394929409027,1
0.23283062875270844,1
0.1552456021308899,1
0.16812941431999207,1
0.12860023975372314,1
0.23024864494800568,1
0.1426609307527542,1
0.12918983399868011,1
0.1376473605632782,1
0.2826395034790039,1
0.17917613685131073,1
0.15982316434383392,1
0.1183333471417427,1
0.08979189395904541,1
0.19580335915088654,1
0.11207655072212219,1
0.07694478332996368,1
0.15410572290420532,1
0.5075170397758484,1
0.22687311470508575,1
0.27642878890037537,1
0.10651379823684692,1
0.0867462232708931,1
0.2541504502296448,1
0.08395636081695557,1
0.19675658643245697,1
0.12539999186992645,1
0.3247572183609009,1
0.14884495735168457,1
0.16752606630325317,1
0.2150052785873413,1
0.16732841730117798,1
0.06070493906736374,1
0.11370664834976196,1
0.25252100825309753,1
0.3239077627658844,1
0.14489495754241943,1
0.2299421727657318,1
0.21462461352348328,1
0.17559027671813965,1
0.14329417049884796,1
0.20629417896270752,1
0.2639293670654297,1
0.2066216915845871,1
0.08442218601703644,1
0.3940402567386627,1
0.1203872561454773,1
0.21958822011947632,1
0.2336336374282837,1
0.11100611090660095,1
0.1251612901687622,1
0.2442530393600464,1
0.22156859934329987,1
0.1963278353214264,1
0.12272042036056519,1
0.1400378793478012,1
0.11150090396404266,1
0.27617347240448,1
0.28681886196136475,1
0.1909937560558319,1
0.09433665871620178,1
0.194530189037323,1
0.3527516722679138,1
0.04933731630444527,1
0.31180959939956665,1
0.1461130976676941,1
0.08896975219249725,1
0.08614657819271088,1
0.13591787219047546,1
0.2124708741903305,1
0.08886177837848663,1
0.18470925092697144,1
0.14925888180732727,1
0.12309354543685913,1
0.24198730289936066,1
0.18275973200798035,1
0.13762280344963074,1
0.13456527888774872,1
0.20893681049346924,1
0.2500438988208771,1
0.18476442992687225,1
0.1397496461868286,1
0.18207351863384247,1
0.07202817499637604,1
0.13294605910778046,1
0.0843849629163742,1
0.294144868850708,1
0.0897127240896225,1
0.17328350245952606,1
0.11332475394010544,1
0.16995865106582642,1
0.12900690734386444,1
0.24008233845233917,1
0.3128252327442169,1
0.22173476219177246,1
0.16062921285629272,1
0.17124724388122559,1
0.1576094776391983,1
0.24252304434776306,1
0.20105932652950287,1
0.1822100281715393,1
0.2386331856250763,1
0.19187985360622406,1
0.10150146484375,1
0.19577878713607788,1
0.059136033058166504,1
0.07037095725536346,1
0.14429232478141785,1
0.13630758225917816,1
0.17158567905426025,1
0.08476628363132477,1
0.13036899268627167,1
0.11202605068683624,1
0.2656363844871521,1
0.12790483236312866,1
0.08514143526554108,1
0.0589732900261879,1
0.18412567675113678,1
0.10160945355892181,1
0.08319636434316635,1
0.11436541378498077,1
0.2567826807498932,1
0.2092919945716858,1
0.2578616440296173,1
0.1035231500864029,1
0.05976054072380066,1
0.284390389919281,1
0.1633400321006775,1
0.11979853361845016,1
0.4132442772388458,1
0.05079960450530052,1
0.06724613904953003,1
0.3286787271499634,1
0.22501665353775024,1
0.07409211248159409,1
0.14454086124897003,1
0.19186089932918549,1
0.1556626260280609,1
0.19511812925338745,1
0.1272774487733841,1
0.11428322643041611,1
0.1786019206047058,1
0.2341308891773224,1
0.12590596079826355,1
0.1263619065284729,1
0.07873274385929108,1
0.1365150809288025,1
0.06430308520793915,1
0.17495572566986084,1
0.1326429694890976,1
0.11319215595722198,1
0.07485222816467285,1
0.2225455641746521,1
0.088493712246418,1
0.14914026856422424,1
0.3451446294784546,1
0.17823730409145355,1
0.10999460518360138,1
0.13845516741275787,1
0.07304438948631287,1
0.11298216134309769,1
0.2376536875963211,1
0.12360864877700806,1
0.250558078289032,1
0.18111953139305115,1
0.3557225465774536,1
0.28672391176223755,1
0.12370812147855759,1
0.17056888341903687,1
0.12327252328395844,1
0.06988852471113205,1
0.08138976246118546,1
0.11719918251037598,1
0.04913982003927231,1
0.09044992178678513,1
0.24492156505584717,1
0.26705312728881836,1
0.17545165121555328,1
0.10709725320339203,1
0.12818953394889832,1
0.07554009556770325,1
0.08523869514465332,1
0.18735384941101074,1
0.14274227619171143,1
0.12220078706741333,1
0.21993625164031982,1
0.1606610268354416,1
0.2593384385108948,1
0.21271738409996033,1
0.17974942922592163,1
0.2234819531440735,1
0.16085809469223022,1
0.2147245556116104,1
0.0910634770989418,1
0.1933455467224121,1
0.21757571399211884,1
0.08447647094726563,1
0.18776901066303253,1
0.14029230177402496,1
0.10162346065044403,1
0.1629873365163803,1
0.40189963579177856,1
0.1432756781578064,1
0.14804847538471222,1
0.28408095240592957,1
0.2217501848936081,1
0.15409758687019348,1
0.12540937960147858,1
0.12810122966766357,1
0.14430058002471924,1
0.06155805289745331,1
0.21957674622535706,1
0.321804404258728,1
0.1271296739578247,1
0.18594983220100403,1
0.33060339093208313,1
0.34759676456451416,1
0.3558143377304077,1
0.1627534031867981,1
0.09945417195558548,1
0.16645677387714386,1
0.20194241404533386,1
0.05838727205991745,1
0.1343126893043518,1
0.13215750455856323,1
0.17406821250915527,1
0.15979523956775665,1
0.09351185709238052,1
0.1824464499950409,1
0.1975611299276352,1
0.11003383249044418,1
0.1559334397315979,1
0.14230361580848694,1
0.16863873600959778,1
0.12764692306518555,1
0.13937689363956451,1
0.28700268268585205,1
0.08393120020627975,1
0.11173645406961441,1
0.10534731298685074,1
0.07220124453306198,1
0.17014944553375244,1
0.23193328082561493,1
0.06983611732721329,1
0.15269866585731506,1
0.07389663904905319,1
0.19343262910842896,1
0.21447433531284332,1
0.19205617904663086,1
0.11218878626823425,1
0.13034950196743011,1
0.20216479897499084,1
0.043244197964668274,1
0.07805626839399338,1
0.115460105240345,1
0.12947724759578705,1
0.14984728395938873,1
0.4386969208717346,1
0.205259308218956,1
0.25963783264160156,1
0.16367892920970917,1
0.10352110862731934,1
0.15391036868095398,1
0.09555558115243912,1
0.3520760238170624,1
0.22299399971961975,1
0.18806615471839905,1
0.10462576895952225,1
0.11945284157991409,1
0.1365014612674713,1
0.12720085680484772,1
0.17010684311389923,1
0.15404842793941498,1
0.08790982514619827,1
0.1745949387550354,1
0.1157938539981842,1
0.15044577419757843,1
0.21664972603321075,1
0.16630743443965912,1
0.08788561820983887,1
0.1531863957643509,1
0.21878041326999664,1
0.10352911055088043,1
0.19066157937049866,1
0.2074771225452423,1
0.4133157730102539,1
0.21502423286437988,1
0.12231747061014175,1
0.07161411643028259,1
0.2255200445652008,1
0.0626409500837326,1
0.16811224818229675,1
0.13167671859264374,1
0.25436997413635254,1
0.3742526173591614,1
0.0924256443977356,1
0.1790129542350769,1
0.10572146624326706,1
0.09497333317995071,1
0.07055748999118805,1
0.0830732211470604,1
0.21719416975975037,1
0.27888309955596924,1
0.09571181982755661,1
0.19309689104557037,1
0.3078469932079315,1
0.08411945402622223,1
0.06496468186378479,1
0.12263555824756622,1
0.057542502880096436,1
0.2760733366012573,1
0.2300301343202591,1
0.10928390920162201,1
0.12154822051525116,1
0.07729317247867584,1
0.14035236835479736,1
0.1084427610039711,1
0.14765605330467224,1
0.1558668166399002,1
0.31178370118141174,1
0.17244409024715424,1
0.20336177945137024,1
0.1838919073343277,1
0.2208608090877533,1
0.08032281696796417,1
0.11505107581615448,1
0.15313634276390076,1
0.12954188883304596,1
0.11238965392112732,1
0.24796722829341888,1
0.0801982507109642,1
0.07995207607746124,1
0.05967830866575241,1
0.07609954476356506,1
0.15554176270961761,1
0.20641109347343445,1
0.07107558101415634,1
0.07955171167850494,1
0.16583159565925598,1
0.2794714868068695,1
0.11338993906974792,1
0.04000537842512131,1
0.13742424547672272,1
0.22145742177963257,1
0.1530969738960266,1
0.08840502798557281,1
0.06433963775634766,1
0.2725052535533905,1
0.06359679996967316,1
