0.1620982140302658,1
0.17231790721416473,1
0.19433946907520294,1
0.14911556243896484,1
0.17555704712867737,1
0.07007032632827759,1
0.1617811918258667,1
0.05019683763384819,1
0.09663029760122299,1
0.2215053141117096,1
0.1272783875465393,1
0.1822340488433838,1
0.17070995271205902,1
0.06919312477111816,1
0.185289204120636,1
0.3316879868507385,1
0.07045798748731613,1
0.14094263315200806,1
0.149322047829628,1
0.20170849561691284,1
0.05825798586010933,1
0.19598209857940674,1
0.12660352885723114,1
0.06968384236097336,1
0.16390416026115417,1
0.0831039696931839,1
0.22307619452476501,1
0.1742803156375885,1
0.1731550097465515,1
0.1016140803694725,1
0.11297516524791718,1
0.2054312825202942,1
0.348829448223114,1
0.13068701326847076,1
0.26073381304740906,1
0.15676648914813995,1
0.154696524143219,1
0.058917541056871414,1
0.223669171333313,1
0.12123151868581772,1
0.14930158853530884,1
0.10670183598995209,1
0.1340351700782776,1
0.13240894675254822,1
0.2113252580165863,1
0.24466075003147125,1
0.06488209217786789,1
0.10891201347112656,1
0.05672116577625275,1
0.3328665494918823,1
0.10925067216157913,1
0.3769145905971527,1
0.11662275344133377,1
0.3186671733856201,1
0.0778246819972992,1
0.19429288804531097,1
0.20295128226280212,1
0.1925203949213028,1
0.2838762700557709,1
0.1807587444782257,1
0.26169994473457336,1
0.10936044901609421,1
0.15869519114494324,1
0.07125087082386017,1
0.06434527784585953,1
0.1657995581626892,1
0.1639559268951416,1
0.02990354597568512,1
0.2808155417442322,1
0.1287074089050293,1
0.278439462184906,1
0.04496509209275246,1
0.12678253650665283,1
0.21066594123840332,1
0.1845272332429886,1
0.1096717119216919,1
0.22673925757408142,1
0.14147382974624634,1
0.32100510597229004,1
0.12338311970233917,1
0.22475634515285492,1
0.057700276374816895,1
0.30446192622184753,1
0.17914316058158875,1
0.31848251819610596,1
0.21268093585968018,1
0.07696852087974548,1
0.08712257444858551,1
0.25755575299263,1
0.14234834909439087,1
0.04952462390065193,1
0.06600736826658249,1
0.12560494244098663,1
0.14543674886226654,1
0.32834312319755554,1
0.13692374527454376,1
0.1803261786699295,1
0.051065463572740555,1
0.15757761895656586,1
0.22328835725784302,1
0.16361865401268005,1
0.14429470896720886,1
0.04670601338148117,1
0.10089371353387833,1
0.09442180395126343,1
0.30590584874153137,1
0.10657839477062225,1
0.07624368369579315,1
0.12097007781267166,1
0.11116677522659302,1
0.21885615587234497,1
0.2661588490009308,1
0.11400603502988815,1
0.29079118371009827,1
0.11321783810853958,1
0.13895255327224731,1
0.10892388969659805,1
0.0969681590795517,1
0.1578093320131302,1
0.25235724449157715,1
0.16742932796478271,1
0.31635189056396484,1
0.08700832724571228,1
0.1110181212425232,1
0.05719292536377907,1
0.2212917059659958,1
0.060930412262678146,1
0.15578481554985046,1
0.18992099165916443,1
0.23161356151103973,1
0.18451370298862457,1
0.18437564373016357,1
0.24468998610973358,1
0.23691172897815704,1
0.25869446992874146,1
0.11962075531482697,1
0.17409144341945648,1
0.20348703861236572,1
0.19266708195209503,1
0.06502780318260193,1
0.10123125463724136,1
0.0711839348077774,1
0.10941605269908905,1
0.2170470505952835,1
0.1640544831752777,1
0.09350869804620743,1
0.05087807774543762,1
0.20214007794857025,1
0.22186590731143951,1
0.1615818291902542,1
0.1772262156009674,1
0.21606819331645966,1
0.1441308856010437,1
0.20473672449588776,1
0.3040149211883545,1
0.19729311764240265,1
0.11719657480716705,1
0.19142010807991028,1
0.09205576777458191,1
0.165557399392128,1
0.20459887385368347,1
0.30011337995529175,1
0.19419336318969727,1
0.12215016782283783,1
0.10706089437007904,1
0.10762643814086914,1
0.09093872457742691,1
0.1659187376499176,1
0.05724088102579117,1
0.14354267716407776,1
0.1520315706729889,1
0.17350827157497406,1
0.08562521636486053,1
0.2644321322441101,1
0.33397072553634644,1
0.055567316710948944,1
0.08777768164873123,1
0.1398472934961319,1
0.2790336608886719,1
0.21499201655387878,1
0.08678116649389267,1
0.04806490242481232,1
0.09703222662210464,1
0.13956895470619202,1
0.11224780976772308,1
0.1070261299610138,1
0.10326172411441803,1
0.18575723469257355,1
0.16972525417804718,1
0.1532541662454605,1
0.2223438024520874,1
0.15849222242832184,1
0.09770926833152771,1
0.13474787771701813,1
0.10586022585630417,1
0.2031593918800354,1
0.12019604444503784,1
0.05769551172852516,1
0.17372018098831177,1
0.1181497871875763,1
0.09318765997886658,1
0.15310104191303253,1
0.11026138812303543,1
0.0562903918325901,1
0.2877776622772217,1
0.15807639062404633,1
0.11719918996095657,1
0.13874934613704681,1
0.2018730193376541,1
0.13234728574752808,1
0.08694317936897278,1
0.13970531523227692,1
0.2752269506454468,1
0.10532419383525848,1
0.29427605867385864,1
0.2144310474395752,1
0.08787642419338226,1
0.0634305328130722,1
0.14489316940307617,1
0.3962545096874237,1
0.2450171262025833,1
0.12007716298103333,1
0.09447459131479263,1
0.13075748085975647,1
0.1694924235343933,1
0.13411390781402588,1
0.11989989131689072,1
0.20275525748729706,1
0.04501999914646149,1
0.09630647301673889,1
0.11123272776603699,1
0.09645450115203857,1
0.10723119974136353,1
0.10708180069923401,1
0.16645754873752594,1
0.04416525736451149,1
0.05726935714483261,1
0.10789142549037933,1
0.1577477604150772,1
0.07290369272232056,1
0.16045717895030975,1
0.23423457145690918,1
0.1718711256980896,1
0.08141812682151794,1
0.044448886066675186,1
0.04682552069425583,1
0.0941021516919136,1
0.13861960172653198,1
0.1890021711587906,1
0.1479213684797287,1
0.07020130753517151,1
0.07257314026355743,1
0.0685996562242508,1
0.07475502043962479,1
0.07919112592935562,1
0.09273672103881836,1
0.14684909582138062,1
0.12919649481773376,1
0.2560926377773285,1
0.20491795241832733,1
0.031417038291692734,1
0.18579129874706268,1
0.2490074336528778,1
0.11825904995203018,1
0.13345086574554443,1
0.2608029246330261,1
0.1250356137752533,1
0.20663323998451233,1
0.14393526315689087,1
0.11036109924316406,1
0.1804123818874359,1
0.1782819628715515,1
0.12073914706707001,1
0.13710950314998627,1
0.12180835008621216,1
0.09365325421094894,1
0.16876985132694244,1
0.18540047109127045,1
0.05375231057405472,1
0.12543289363384247,1
0.09787970781326294,1
0.21200492978096008,1
0.3038114607334137,1
0.08957210183143616,1
0.3274403214454651,1
0.1414235681295395,1
0.5365708470344543,1
0.09391558915376663,1
0.18565163016319275,1
0.10028524696826935,1
0.1878930628299713,1
0.07804092019796371,1
0.0663648471236229,1
0.25910279154777527,1
0.05124177038669586,1
0.19028761982917786,1
0.11263037472963333,1
0.17369325459003448,1
0.11644868552684784,1
0.08427020907402039,1
0.052896641194820404,1
0.0928959921002388,1
0.17924444377422333,1
0.04832802340388298,1
0.27820491790771484,1
0.04086508974432945,1
0.16176337003707886,1
0.19638660550117493,1
0.1380288004875183,1
0.1060945987701416,1
0.07406773418188095,1
0.0816064402461052,1
0.06000376492738724,1
0.2168300896883011,1
0.16138942539691925,1
0.14970017969608307,1
0.07129042595624924,1
0.1619747281074524,1
0.06350087374448776,1
0.17471954226493835,1
0.12365441769361496,1
0.1562083661556244,1
0.11022849380970001,1
0.062017954885959625,1
0.12866485118865967,1
0.16035304963588715,1
0.11389017850160599,1
0.0634583979845047,1
0.06155722215771675,1
0.1509748101234436,1
0.09898258745670319,1
0.03630644828081131,1
0.29597389698028564,1
0.05992436408996582,1
0.1303715705871582,1
0.1714230328798294,1
0.1367647647857666,1
0.21160763502120972,1
0.16459499299526215,1
0.02735929749906063,1
0.07253707945346832,1
0.09354518353939056,1
0.08162957429885864,1
0.10302334278821945,1
0.1691160798072815,1
0.14531712234020233,1
0.11449217796325684,1
0.0531766414642334,1
0.08400824666023254,1
0.03594707325100899,1
0.4561149775981903,1
0.06330171227455139,1
0.1261741816997528,1
0.07790507376194,1
0.15704071521759033,1
0.34683364629745483,1
0.1299946904182434,1
0.11453874409198761,1
0.1543811708688736,1
0.2536137104034424,1
0.14259521663188934,1
0.15200941264629364,1
0.0864858329296112,1
0.07088015973567963,1
0.09476251900196075,1
0.142672598361969,1
0.07769161462783813,1
0.295126736164093,1
0.2312277853488922,1
0.10306431353092194,1
0.1529904305934906,1
0.38710740208625793,1
0.1756962239742279,1
0.10433341562747955,1
0.18695300817489624,1
0.12776222825050354,1
0.16917148232460022,1
0.12398050725460052,1
0.3095388114452362,1
0.051115501672029495,1
0.1978949010372162,1
0.03893435746431351,1
0.12817533314228058,1
0.13089410960674286,1
0.15006093680858612,1
0.13958123326301575,1
0.13176986575126648,1
0.3639669716358185,1
0.12429264187812805,1
0.2020978033542633,1
0.1883542835712433,1
0.15587523579597473,1
0.1277681291103363,1
0.07477981597185135,1
0.11686820536851883,1
0.12087142467498779,1
0.18619516491889954,1
0.08050357550382614,1
0.088266521692276,1
0.25123411417007446,1
0.17844033241271973,1
0.150745689868927,1
0.1560799479484558,1
0.07135525345802307,1
0.08547168970108032,1
0.11798568069934845,1
0.26549479365348816,1
0.09372415393590927,1
0.1833709478378296,1
0.10476022958755493,1
0.09617867320775986,1
0.23015204071998596,1
0.16139556467533112,1
0.18475821614265442,1
0.0582832396030426,1
0.18536008894443512,1
0.052387818694114685,1
0.1441311538219452,1
0.23580685257911682,1
0.21921378374099731,1
0.24705970287322998,1
0.08210548758506775,1
0.20288702845573425,1
0.23288100957870483,1
0.13091664016246796,1
0.07286357134580612,1
0.266032338142395,1
0.34309589862823486,1
0.11330118775367737,1
0.10798803716897964,1
0.10992538928985596,1
0.08703555166721344,1
0.08152049034833908,1
0.2082972228527069,1
0.1687363088130951,1
0.14478105306625366,1
0.20886947214603424,1
0.24674232304096222,1
0.13605979084968567,1
0.10483530908823013,1
0.16709773242473602,1
0.14979928731918335,1
0.16791367530822754,1
0.06682255864143372,1
0.15272703766822815,1
0.04320575296878815,1
0.2258802056312561,1
0.21585029363632202,1
0.14259126782417297,1
0.08732341229915619,1
0.045241355895996094,1
0.10995744168758392,1
0.15444619953632355,1
0.2066061794757843,1
0.24214424192905426,1
0.3460450768470764,1
0.19401635229587555,1
0.21190938353538513,1
0.2507103681564331,1
0.1875554323196411,1
0.07088455557823181,1
0.050361644476652145,1
0.11973946541547775,1
0.12850834429264069,1
0.10373637825250626,1
0.06049783155322075,1
0.13690823316574097,1
0.17468348145484924,1
0.05033828318119049,1
0.09409011900424957,1
0.15981286764144897,1
0.22396215796470642,1
0.12026757746934891,1
0.0800563246011734,1
0.16119977831840515,1
0.11063367128372192,1
0.25146105885505676,1
0.05066010728478432,1
0.16386568546295166,1
0.15219229459762573,1
0.19815489649772644,1
0.03228037804365158,1
0.22760793566703796,1
0.14061813056468964,1
0.10364410281181335,1
0.16047348082065582,1
0.24351981282234192,1
0.11069273203611374,1
0.2457658350467682,1
0.056161463260650635,1
0.09943319857120514,1
0.12712650001049042,1
0.19343000650405884,1
0.20775213837623596,1
0.16389234364032745,1
0.06567548215389252,1
0.11804969608783722,1
0.11638578027486801,1
0.09302763640880585,1
0.09105588495731354,1
0.07698944211006165,1
0.15642514824867249,1
0.09262561798095703,1
0.34907451272010803,1
0.12203972786664963,1
0.10919129848480225,1
0.16946861147880554,1
0.11126793175935745,1
0.07621423155069351,1
0.12881731986999512,1
0.13848763704299927,1
0.22237014770507813,1
0.1556929647922516,1
0.23644062876701355,1
0.08334451913833618,1
0.15324412286281586,1
0.07196570187807083,1
0.08501920104026794,1
0.21593347191810608,1
0.10773769021034241,1
0.2082013189792633,1
0.1597612351179123,1
0.13862910866737366,1
0.0906609296798706,1
0.07350695133209229,1
0.12343491613864899,1
0.059688448905944824,1
0.08751177787780762,1
0.2034992277622223,1
0.25648635625839233,1
0.05497882887721062,1
0.06987308710813522,1
0.14599600434303284,1
0.07536569982767105,1
0.18479466438293457,1
0.073506660759449,1
0.2583881616592407,1
0.16358840465545654,1
0.12359253317117691,1
0.1781597137451172,1
0.05550466105341911,1
0.18043282628059387,1
0.14172999560832977,1
0.16315573453903198,1
0.08652760088443756,1
0.13179558515548706,1
0.14036113023757935,1
0.16690927743911743,1
0.12151314318180084,1
0.09200508892536163,1
0.08954709768295288,1
0.2049395889043808,1
0.06613299995660782,1
0.07553281635046005,1
0.1124274730682373,1
0.12210062891244888,1
0.12837982177734375,1
0.1332211047410965,1
0.11856585741043091,1
0.38163015246391296,1
0.2822365462779999,1
0.06486380100250244,1
0.12233809381723404,1
0.08519592136144638,1
0.15933996438980103,1
0.07505808770656586,1
0.3127453923225403,1
0.1275937259197235,1
0.09526412934064865,1
0.03747349977493286,1
0.05537813529372215,1
0.23125982284545898,1
0.14377044141292572,1
0.04264366626739502,1
0.16760656237602234,1
0.11264821887016296,1
0.046310149133205414,1
0.09610777348279953,1
0.1523987203836441,1
0.08366241306066513,1
0.08674393594264984,1
0.10608186572790146,1
0.04027462378144264,1
0.13638009130954742,1
0.15279090404510498,1
0.0673026591539383,1
0.4973375201225281,1
0.16041865944862366,1
0.20176148414611816,1
0.19579549133777618,1
0.16565439105033875,1
0.084876649081707,1
0.2733916938304901,1
0.06175265088677406,1
0.20361679792404175,1
0.04401466250419617,1
0.0763145461678505,1
0.03668581321835518,1
0.17639438807964325,1
0.21985407173633575,1
0.13811591267585754,1
0.13841481506824493,1
0.1040278971195221,1
0.21632131934165955,1
0.09598322957754135,1
0.11795102804899216,1
0.14693567156791687,1
0.10400354117155075,1
0.09706757962703705,1
0.09135782718658447,1
0.14682593941688538,1
0.17515969276428223,1
0.17105744779109955,1
0.05760214477777481,1
0.09543659538030624,1
0.1813492774963379,1
0.10264292359352112,1
0.23834417760372162,1
0.09233027696609497,1
0.31839585304260254,1
0.14141079783439636,1
0.14668656885623932,1
0.07164686918258667,1
0.08033164590597153,1
0.09831994771957397,1
0.2742619812488556,1
0.11542482674121857,1
0.17597977817058563,1
0.07134561240673065,1
0.09615111351013184,1
0.056625351309776306,1
0.11669670790433884,1
0.0867898017168045,1
0.20470556616783142,1
0.12143465131521225,1
0.09240909665822983,1
0.22358445823192596,1
0.13127706944942474,1
0.30269256234169006,1
0.0642283484339714,1
0.34367042779922485,1
0.07591406255960464,1
0.11179473996162415,1
0.14174345135688782,1
0.21281743049621582,1
0.16954219341278076,1
0.21577692031860352,1
0.11739321053028107,1
0.05073665827512741,1
0.25280728936195374,1
0.1263001412153244,1
0.055865176022052765,1
0.20400181412696838,1
0.09991634637117386,1
0.13381534814834595,1
0.09451064467430115,1
0.11937899142503738,1
0.06349063664674759,1
0.02223939821124077,1
0.2332640141248703,1
0.12679742276668549,1
0.194967120885849,1
0.31228721141815186,1
0.13237938284873962,1
0.1650887131690979,1
0.16249072551727295,1
0.13067390024662018,1
0.1303369104862213,1
0.14134548604488373,1
0.06604857742786407,1
0.08893072605133057,1
0.22412127256393433,1
0.18969076871871948,1
0.10681168735027313,1
0.14143995940685272,1
0.1187879890203476,1
0.38566353917121887,1
0.08629128336906433,1
0.05833392217755318,1
0.22882193326950073,1
0.14100953936576843,1
0.3377489745616913,1
0.06679677963256836,1
0.17172908782958984,1
0.15911152958869934,1
0.1403053104877472,1
0.37263649702072144,1
0.12153688073158264,1
0.23794908821582794,1
0.19909220933914185,1
0.17447832226753235,1
0.3958570957183838,1
0.08240188658237457,1
0.06094472482800484,1
0.2074379026889801,1
0.15437722206115723,1
0.26237520575523376,1
0.10303262621164322,1
0.04806516319513321,1
0.11791430413722992,1
0.2184949815273285,1
0.15606144070625305,1
0.22356271743774414,1
0.18102186918258667,1
0.10132600367069244,1
0.036686260253190994,1
0.06610759347677231,1
0.19325749576091766,1
0.09391702711582184,1
0.09483273327350616,1
0.12896597385406494,1
0.06317804753780365,1
0.1553022712469101,1
0.4784905016422272,1
0.09957511723041534,1
0.19305527210235596,1
0.07309765368700027,1
0.21158820390701294,1
0.05114249885082245,1
0.1039087176322937,1
0.08280970901250839,1
0.1691148281097412,1
0.11903223395347595,1
0.13231800496578217,1
0.11213943362236023,1
0.1443992257118225,1
0.018894748762249947,1
0.04724691063165665,1
0.12085306644439697,1
0.06826132535934448,1
0.06088929623365402,1
0.021292898803949356,1
0.1430484503507614,1
0.1209828332066536,1
0.15912462770938873,1
0.06596828997135162,1
0.2920078635215759,1
0.03038419783115387,1
0.17381709814071655,1
0.04039202630519867,1
0.155789315700531,1
0.15110939741134644,1
0.1438732147216797,1
0.08325037360191345,1
0.09317468851804733,1
0.14482131600379944,1
0.060074906796216965,1
0.07308709621429443,1
0.14823773503303528,1
0.12616875767707825,1
0.060316458344459534,1
0.022005021572113037,1
0.11867228150367737,1
0.29525184631347656,1
0.22492387890815735,1
0.10709350556135178,1
0.17688705027103424,1
0.14712926745414734,1
0.15091794729232788,1
0.08167406171560287,1
0.17080959677696228,1
0.1241007074713707,1
0.038014963269233704,1
0.11569058895111084,1
0.16670356690883636,1
0.2691507041454315,1
0.2915659546852112,1
0.07713790237903595,1
0.14318467676639557,1
0.1139615923166275,1
0.22573155164718628,1
0.09674663841724396,1
0.039101436734199524,1
0.054210860282182693,1
0.09763596951961517,1
0.10767048597335815,1
0.14520399272441864,1
0.20222580432891846,1
0.0838480293750763,1
0.05576850846409798,1
0.27633994817733765,1
0.2225823998451233,1
0.15973570942878723,1
0.06348779052495956,1
0.07880085706710815,1
0.04932325333356857,1
0.05430816859006882,1
0.21008889377117157,1
0.1294258087873459,1
0.17316220700740814,1
0.3803527355194092,1
0.19344523549079895,1
0.1138063371181488,1
0.11819782853126526,1
0.03917448967695236,1
0.07684604078531265,1
0.24685072898864746,1
0.12150673568248749,1
0.04417192563414574,1
0.14603503048419952,1
0.031673163175582886,1
0.10009929537773132,1
0.09169160574674606,1
0.3402615785598755,1
0.07965457439422607,1
0.18707582354545593,1
0.125113844871521,1
0.11568741500377655,1
0.11914706975221634,1
0.05401032045483589,1
0.19533725082874298,1
0.05434216931462288,1
0.1412138193845749,1
0.16530513763427734,1
0.18903031945228577,1
0.11525603383779526,1
0.20476692914962769,1
0.1001773476600647,1
0.3020746409893036,1
0.2353907972574234,1
0.10500431060791016,1
0.14065411686897278,1
0.17334191501140594,1
0.06035839021205902,1
0.34443148970603943,1
0.09984280169010162,1
0.1108834519982338,1
0.30304116010665894,1
0.09625024348497391,1
0.1528610736131668,1
0.12197353690862656,1
0.06662300229072571,1
0.2297426015138626,1
0.11111696064472198,1
0.184232696890831,1
0.1625698208808899,1
0.11573325097560883,1
0.23957452178001404,1
0.0689811110496521,1
0.25066789984703064,1
0.0927945151925087,1
0.2531973719596863,1
0.10571666061878204,1
0.1194075495004654,1
0.0956062525510788,1
0.07215731590986252,1
0.23173408210277557,1
0.12276822328567505,1
0.2611006796360016,1
0.22088158130645752,1
0.06920956075191498,1
0.062443457543849945,1
0.14838862419128418,1
0.06060001626610756,1
0.1278197020292282,1
0.11789894104003906,1
0.10137362033128738,1
0.17770399153232574,1
0.1019851565361023,1
0.18084879219532013,1
0.07651910185813904,1
0.06456439197063446,1
0.07558878511190414,1
0.12654882669448853,1
0.08462174981832504,1
0.09337444603443146,1
0.04771210998296738,1
0.07550154626369476,1
0.18744699656963348,1
0.16580040752887726,1
0.22562997043132782,1
0.0863284170627594,1
0.20205692946910858,1
0.1651211678981781,1
0.08530443906784058,1
0.13169217109680176,1
0.06983909010887146,1
0.19509854912757874,1
0.15381503105163574,1
0.036579430103302,1
0.1987292766571045,1
0.10001605749130249,1
0.2069873809814453,1
0.1357710212469101,1
0.12284372001886368,1
0.08114288002252579,1
0.08778521418571472,1
0.03172069415450096,1
0.1323026865720749,1
0.16157874464988708,1
0.11265207827091217,1
0.15303650498390198,1
0.09198620915412903,1
0.0870940163731575,1
0.1841660737991333,1
0.06279435008764267,1
0.10767444968223572,1
0.13352815806865692,1
0.09033063054084778,1
0.27991464734077454,1
0.23185572028160095,1
0.03627602756023407,1
0.07124883681535721,1
0.11051512509584427,1
0.19155779480934143,1
0.060245245695114136,1
0.09576308727264404,1
0.26744216680526733,1
0.15179890394210815,1
0.08955955505371094,1
0.16871115565299988,1
0.06981898844242096,1
0.10597192496061325,1
0.12449540197849274,1
0.21577969193458557,1
0.08263733237981796,1
0.11544252187013626,1
0.029507730156183243,1
0.2697997987270355,1
0.1654205620288849,1
0.10050421208143234,1
0.21869906783103943,1
0.1201220452785492,1
0.1522325575351715,1
0.11131855845451355,1
0.13084986805915833,1
0.1944747269153595,1
0.3190338909626007,1
0.06200498715043068,1
0.13744260370731354,1
0.07572705298662186,1
0.11073962599039078,1
0.10754209756851196,1
0.07498849928379059,1
0.11244786530733109,1
0.10273488610982895,1
0.08878384530544281,1
0.14701895415782928,1
