0.24153535068035126,1
0.306741863489151,1
0.21985498070716858,1
0.30212587118148804,1
0.2279982566833496,1
0.2761559784412384,1
0.24658098816871643,1
0.32405775785446167,1
0.18756815791130066,1
0.0994211807847023,1
0.2582544684410095,1
0.19781967997550964,1
0.23134613037109375,1
0.2970571219921112,1
0.22526603937149048,1
0.2113332450389862,1
0.15531039237976074,1
0.17906366288661957,1
0.4351780414581299,1
0.4234616458415985,1
0.3049214482307434,1
0.2962844967842102,1
0.2879232168197632,1
0.29817187786102295,1
0.21540392935276031,1
0.16866320371627808,1
0.3542880415916443,1
0.27991390228271484,1
0.2954031229019165,1
0.1333857923746109,1
0.14380158483982086,1
0.2892698049545288,1
0.2617500424385071,1
0.251941055059433,1
0.22385072708129883,1
0.409121572971344,1
0.30530035495758057,1
0.4884469211101532,1
0.49257463216781616,1
0.6254949569702148,1
0.2939988374710083,1
0.21183501183986664,1
0.3364007771015167,1
0.18629318475723267,1
0.4159426689147949,1
0.2991236746311188,1
0.4880465269088745,1
0.22340109944343567,1
0.32791081070899963,1
0.13074073195457458,1
0.4602001905441284,1
0.2544209361076355,1
0.20430965721607208,1
0.2410096526145935,1
0.30767202377319336,1
0.2555672526359558,1
0.2915878891944885,1
0.24292555451393127,1
0.4198589622974396,1
0.36623871326446533,1
0.34736210107803345,1
0.26413893699645996,1
0.22909215092658997,1
0.2630618214607239,1
0.09526866674423218,1
0.32085320353507996,1
0.16576865315437317,1
0.33107316493988037,1
0.3364596962928772,1
0.14947210252285004,1
0.4063381552696228,1
0.37460729479789734,1
0.1738051176071167,1
0.20818158984184265,1
0.26463931798934937,1
0.5907987356185913,1
0.17752224206924438,1
0.29306846857070923,1
0.19387653470039368,1
0.29524508118629456,1
0.30837514996528625,1
0.309481680393219,1
0.21700714528560638,1
0.39787381887435913,1
0.3519517779350281,1
0.2609584331512451,1
0.31808483600616455,1
0.673762321472168,1
0.3705059885978699,1
0.29807886481285095,1
0.2170458734035492,1
0.4197108745574951,1
0.11423423141241074,1
0.1958354264497757,1
0.3349778950214386,1
0.26134631037712097,1
0.1761777549982071,1
0.19927193224430084,1
0.393734335899353,1
0.2619880437850952,1
0.2570188641548157,1
0.28791141510009766,1
0.30418041348457336,1
0.2977169156074524,1
0.2967972159385681,1
0.11081685870885849,1
0.22614091634750366,1
0.2773251533508301,1
0.6335576176643372,1
0.3401358723640442,1
0.1818944811820984,1
0.2617121934890747,1
0.1266355663537979,1
0.12471218407154083,1
0.3362540006637573,1
0.23315547406673431,1
0.2515702247619629,1
0.26874417066574097,1
0.5913710594177246,1
0.2318926602602005,1
0.22587423026561737,1
0.5144866108894348,1
0.21592594683170319,1
0.28060808777809143,1
0.21211062371730804,1
0.2619086503982544,1
0.2902275621891022,1
0.4402642846107483,1
0.3513496518135071,1
0.3025274872779846,1
0.2254188358783722,1
0.08540698885917664,1
0.3212198317050934,1
0.28865885734558105,1
0.582362174987793,1
0.2625522017478943,1
0.14542624354362488,1
0.222353994846344,1
0.21735945343971252,1
0.20508667826652527,1
0.19646623730659485,1
0.272630512714386,1
0.18445290625095367,1
0.5313524603843689,1
0.12794390320777893,1
0.4298083782196045,1
0.22464461624622345,1
0.29055437445640564,1
0.2990964651107788,1
0.20815490186214447,1
0.3469090759754181,1
0.1556985080242157,1
0.395759254693985,1
0.47736412286758423,1
0.2381652593612671,1
0.2062716782093048,1
0.20307710766792297,1
0.3628641664981842,1
0.1737128347158432,1
0.25895217061042786,1
0.37489694356918335,1
0.33797407150268555,1
0.28614330291748047,1
0.26317253708839417,1
0.28389281034469604,1
0.2472032606601715,1
0.31553012132644653,1
0.3793278634548187,1
0.3353215754032135,1
0.4200429916381836,1
0.2579089403152466,1
0.314040869474411,1
0.20714890956878662,1
0.3379736840724945,1
0.26130014657974243,1
0.21419228613376617,1
0.2334732562303543,1
0.1602061688899994,1
0.2489197999238968,1
0.39797303080558777,1
0.22048959136009216,1
0.2885719835758209,1
0.23098039627075195,1
0.45967984199523926,1
0.19578367471694946,1
0.38606008887290955,1
0.2489849030971527,1
0.212067648768425,1
0.2967594265937805,1
0.44703617691993713,1
0.2461819350719452,1
0.29720449447631836,1
0.3351445496082306,1
0.1508568674325943,1
0.29572057723999023,1
0.2680581212043762,1
0.35583335161209106,1
0.362699955701828,1
0.27256056666374207,1
0.2630388140678406,1
0.21803778409957886,1
0.23388132452964783,1
0.12426511943340302,1
0.18994267284870148,1
0.3589593768119812,1
0.48025059700012207,1
0.28988906741142273,1
0.41518595814704895,1
0.2897103428840637,1
0.43750348687171936,1
0.3353041410446167,1
0.2884539067745209,1
0.23342309892177582,1
0.31930407881736755,1
0.3517646789550781,1
0.19514286518096924,1
0.19178780913352966,1
0.1828293651342392,1
0.2731304466724396,1
0.3955286145210266,1
0.36289387941360474,1
0.22879180312156677,1
0.5581133961677551,1
0.16298174858093262,1
0.2682940363883972,1
0.23844778537750244,1
0.12537099421024323,1
0.2678096294403076,1
0.2848820388317108,1
0.3118841052055359,1
0.2264275848865509,1
0.2538871765136719,1
0.21318264305591583,1
0.2048664391040802,1
0.3651716709136963,1
0.43723249435424805,1
0.22005003690719604,1
0.2410510927438736,1
0.3252160847187042,1
0.367152601480484,1
0.36777326464653015,1
0.18049469590187073,1
0.30950480699539185,1
0.44052305817604065,1
0.3795810639858246,1
0.4515722990036011,1
0.19107402861118317,1
0.20596952736377716,1
0.3295896053314209,1
0.20923039317131042,1
0.10458263754844666,1
0.28358888626098633,1
0.15906566381454468,1
0.36505326628685,1
0.277412086725235,1
0.18705075979232788,1
0.4229121208190918,1
0.28531116247177124,1
0.19333583116531372,1
0.3676167130470276,1
0.4008519649505615,1
0.229181170463562,1
0.2272546887397766,1
0.2284698486328125,1
0.3762005865573883,1
0.23514965176582336,1
0.3704071342945099,1
0.22997309267520905,1
0.4242706298828125,1
0.2552083134651184,1
0.31310129165649414,1
0.23194009065628052,1
0.20952993631362915,1
0.20372934639453888,1
0.3598548471927643,1
0.34024062752723694,1
0.28896117210388184,1
0.10135184228420258,1
0.26248690485954285,1
0.3165941834449768,1
0.3515421748161316,1
0.4930635690689087,1
0.34497958421707153,1
0.4423598647117615,1
0.2144382894039154,1
0.3055959939956665,1
0.28963953256607056,1
0.3657544255256653,1
0.2597137987613678,1
0.17626774311065674,1
0.39446407556533813,1
0.2219485491514206,1
0.18570469319820404,1
0.24737580120563507,1
0.14552028477191925,1
0.34579998254776,1
0.51436847448349,1
0.3463456630706787,1
0.28422364592552185,1
0.18114304542541504,1
0.4838920533657074,1
0.19016525149345398,1
0.20172828435897827,1
0.17158204317092896,1
0.2786361277103424,1
0.3719901442527771,1
0.23650264739990234,1
0.14538642764091492,1
0.44590258598327637,1
0.5097006559371948,1
0.30940717458724976,1
0.24275057017803192,1
0.2803768813610077,1
0.24026355147361755,1
0.2753913104534149,1
0.2494640350341797,1
0.31930011510849,1
0.29980066418647766,1
0.24439941346645355,1
0.24684494733810425,1
0.3205454349517822,1
0.27232059836387634,1
0.1898680180311203,1
0.18545681238174438,1
0.24082916975021362,1
0.23849131166934967,1
0.201117604970932,1
0.17140734195709229,1
0.1899217963218689,1
0.23556509613990784,1
0.17127595841884613,1
0.20991595089435577,1
0.25965264439582825,1
0.3294370472431183,1
0.16520068049430847,1
0.22341322898864746,1
0.35970577597618103,1
0.16801506280899048,1
0.33170849084854126,1
0.1456902176141739,1
0.11981973052024841,1
0.25464245676994324,1
0.2669646441936493,1
0.26994991302490234,1
0.40771931409835815,1
0.23428979516029358,1
0.19796571135520935,1
0.19343379139900208,1
0.26875418424606323,1
0.21925050020217896,1
0.3481391370296478,1
0.20423376560211182,1
0.23529236018657684,1
0.17864352464675903,1
0.36053216457366943,1
0.5378404259681702,1
0.19528383016586304,1
0.18096402287483215,1
0.26894229650497437,1
0.31571346521377563,1
0.20369279384613037,1
0.11579258739948273,1
0.2621651291847229,1
0.49098679423332214,1
0.2507178783416748,1
0.2447425276041031,1
0.2954025864601135,1
0.1782563328742981,1
0.1614939123392105,1
0.27210214734077454,1
0.29357847571372986,1
0.303691565990448,1
0.3987048864364624,1
0.35043779015541077,1
0.23471780121326447,1
0.3417007327079773,1
0.10408765077590942,1
0.29146674275398254,1
0.24001488089561462,1
0.22832053899765015,1
0.27266934514045715,1
0.12832526862621307,1
0.23724059760570526,1
0.20744524896144867,1
0.2571853995323181,1
0.367476224899292,1
0.3206930160522461,1
0.12329218536615372,1
0.1265002340078354,1
0.5362159013748169,1
0.1176634207367897,1
0.26100093126296997,1
0.23811417818069458,1
0.13630345463752747,1
0.2922852635383606,1
0.29282286763191223,1
0.44663429260253906,1
0.3098278343677521,1
0.30589261651039124,1
0.16569393873214722,1
0.14347752928733826,1
0.1491222232580185,1
0.2706477642059326,1
0.17217399179935455,1
0.2504919767379761,1
0.31573715806007385,1
0.2969801425933838,1
0.1332322508096695,1
0.26233649253845215,1
0.2418980747461319,1
0.3425823450088501,1
0.2390170693397522,1
0.0956505537033081,1
0.2322109043598175,1
0.36296552419662476,1
0.3643185794353485,1
0.26360413432121277,1
0.14783701300621033,1
0.35101890563964844,1
0.3257141411304474,1
0.22809916734695435,1
0.20093482732772827,1
0.17542903125286102,1
0.23035620152950287,1
0.3965163826942444,1
0.16118185222148895,1
0.38181161880493164,1
0.30291441082954407,1
0.27975258231163025,1
0.18638472259044647,1
0.3377270996570587,1
0.23372581601142883,1
0.07291357964277267,1
0.33876559138298035,1
0.1263028383255005,1
0.06983232498168945,1
0.27805227041244507,1
0.24241025745868683,1
0.07597722858190536,1
0.3153340816497803,1
0.1914932131767273,1
0.24457594752311707,1
0.2561728358268738,1
0.23745711147785187,1
0.3361011743545532,1
0.20009161531925201,1
0.18804575502872467,1
0.28447845578193665,1
0.3227836489677429,1
0.3602907955646515,1
0.2458769977092743,1
0.26004883646965027,1
0.14125476777553558,1
0.3147813677787781,1
0.30007439851760864,1
0.19379276037216187,1
0.29511183500289917,1
0.16834312677383423,1
0.3260866701602936,1
0.30122315883636475,1
0.297611266374588,1
0.16207075119018555,1
0.23911908268928528,1
0.1328984946012497,1
0.4284154176712036,1
0.21327967941761017,1
0.17622296512126923,1
0.2027314156293869,1
0.17116568982601166,1
0.3421628177165985,1
0.30953115224838257,1
0.28902101516723633,1
0.20155014097690582,1
0.2489846795797348,1
0.11045552045106888,1
0.2598091661930084,1
0.39353126287460327,1
0.09663762897253036,1
0.18714988231658936,1
0.2700859606266022,1
0.20560362935066223,1
0.3407614827156067,1
0.2927332818508148,1
0.2945866286754608,1
0.2907523214817047,1
0.21687883138656616,1
0.11111416667699814,1
0.2270246148109436,1
0.1481369137763977,1
0.22405731678009033,1
0.3450832962989807,1
0.17971128225326538,1
0.2793276011943817,1
0.28295737504959106,1
0.18130210041999817,1
0.19214560091495514,1
0.46483248472213745,1
0.31724998354911804,1
0.17717309296131134,1
0.24795790016651154,1
0.2865486741065979,1
0.4781007766723633,1
0.24248862266540527,1
0.15285439789295197,1
0.1758977770805359,1
0.27617180347442627,1
0.1263049840927124,1
0.37427183985710144,1
0.25532105565071106,1
0.22870369255542755,1
0.18402428925037384,1
0.20549160242080688,1
0.31540820002555847,1
0.1961270570755005,1
0.2178376019001007,1
0.5077981948852539,1
0.26815152168273926,1
0.2662813365459442,1
0.1691037118434906,1
0.199472576379776,1
0.3750745356082916,1
0.17654183506965637,1
0.14659324288368225,1
0.16857367753982544,1
0.23609572649002075,1
0.09102623164653778,1
0.3462228775024414,1
0.16515250504016876,1
0.24599984288215637,1
0.22086820006370544,1
0.13578146696090698,1
0.1556042730808258,1
0.1520204097032547,1
0.20817461609840393,1
0.1961420327425003,1
0.17829374969005585,1
0.0864720270037651,1
0.29306840896606445,1
0.2210560292005539,1
0.281101256608963,1
0.37630030512809753,1
0.3151978552341461,1
0.22346307337284088,1
0.17766571044921875,1
0.35430729389190674,1
0.25052234530448914,1
0.3106471300125122,1
0.2384505569934845,1
0.3251308798789978,1
0.22867637872695923,1
0.3688987195491791,1
0.2891196608543396,1
0.3028786778450012,1
0.2925359606742859,1
0.22463618218898773,1
0.33871954679489136,1
0.19976626336574554,1
0.2934722304344177,1
0.22362841665744781,1
0.2801756262779236,1
0.2804168164730072,1
0.127680242061615,1
0.1798340231180191,1
0.3319142758846283,1
0.44826647639274597,1
0.2614925503730774,1
0.17990899085998535,1
0.320613294839859,1
0.10977198928594589,1
0.2926938235759735,1
0.17645332217216492,1
0.3062674403190613,1
0.2809828221797943,1
0.12571869790554047,1
0.23847854137420654,1
0.2633717358112335,1
0.13410121202468872,1
0.3154621422290802,1
0.3527016341686249,1
0.28910911083221436,1
0.1810327172279358,1
0.3851652145385742,1
0.19943776726722717,1
0.3748002350330353,1
0.1523623913526535,1
0.19062620401382446,1
0.0759933739900589,1
0.07704681903123856,1
0.12740135192871094,1
0.1245279461145401,1
0.36350056529045105,1
0.2225904017686844,1
0.248703271150589,1
0.16929829120635986,1
0.25034236907958984,1
0.13551300764083862,1
0.3867145776748657,1
0.36818885803222656,1
0.18923130631446838,1
0.1750563383102417,1
0.2080480009317398,1
0.31047001481056213,1
0.19583618640899658,1
0.14778071641921997,1
0.15285736322402954,1
0.17790041863918304,1
0.06837623566389084,1
0.3113741874694824,1
0.14983966946601868,1
0.14704692363739014,1
0.2213650941848755,1
0.41336125135421753,1
0.41899219155311584,1
0.14883217215538025,1
0.08094373345375061,1
0.18994420766830444,1
0.20327717065811157,1
0.3526054918766022,1
0.22540652751922607,1
0.22184422612190247,1
0.2352883219718933,1
0.13573524355888367,1
0.32025259733200073,1
0.24196656048297882,1
0.238625630736351,1
0.31704485416412354,1
0.14322495460510254,1
0.11403002589941025,1
0.3540023863315582,1
0.16593441367149353,1
0.20349137485027313,1
0.1449291706085205,1
0.20916354656219482,1
0.23864412307739258,1
0.16898652911186218,1
0.12340154498815536,1
0.13461646437644958,1
0.4511803388595581,1
0.38235539197921753,1
0.18238569796085358,1
0.204839289188385,1
0.19309410452842712,1
0.20024491846561432,1
0.2027674913406372,1
0.07850559055805206,1
0.14119994640350342,1
0.30374211072921753,1
0.3597257435321808,1
0.15153777599334717,1
0.316287100315094,1
0.28634244203567505,1
0.13541465997695923,1
0.22232019901275635,1
0.3218347430229187,1
0.22620074450969696,1
0.2901088297367096,1
0.32646042108535767,1
0.1587602198123932,1
0.34061744809150696,1
0.2359682023525238,1
0.1528053730726242,1
0.11756984889507294,1
0.20633536577224731,1
0.14089427888393402,1
0.17517858743667603,1
0.16170822083950043,1
0.16577060520648956,1
0.0612267442047596,1
0.1252603679895401,1
0.13194657862186432,1
0.18962745368480682,1
0.3107709586620331,1
0.3837442398071289,1
0.3122669756412506,1
0.0893964022397995,1
0.08757961541414261,1
0.4105021357536316,1
0.19330963492393494,1
0.24514399468898773,1
0.3815156817436218,1
0.1275966614484787,1
0.24215519428253174,1
0.24109603464603424,1
0.19369924068450928,1
0.19637444615364075,1
0.22411051392555237,1
0.14619065821170807,1
0.1154133677482605,1
0.25758278369903564,1
0.13616667687892914,1
0.252383291721344,1
0.15350383520126343,1
0.22241844236850739,1
0.12087859958410263,1
0.1574561595916748,1
0.2382541298866272,1
0.13916435837745667,1
0.06601227819919586,1
0.2598321735858917,1
0.215285062789917,1
0.15239231288433075,1
0.1961016207933426,1
0.260641485452652,1
0.2205933779478073,1
0.14411038160324097,1
0.08024904131889343,1
0.15258170664310455,1
0.11307569593191147,1
0.2585865557193756,1
0.16613145172595978,1
0.282608300447464,1
0.22603192925453186,1
0.10615912824869156,1
0.2371567189693451,1
0.25225791335105896,1
0.10866546630859375,1
0.17568695545196533,1
0.13148832321166992,1
0.2172640711069107,1
0.1278948187828064,1
0.23335480690002441,1
0.1269540637731552,1
0.21866509318351746,1
0.2338615357875824,1
0.19246874749660492,1
0.18583332002162933,1
0.12914234399795532,1
0.19696912169456482,1
0.16944259405136108,1
0.14857344329357147,1
0.1481901854276657,1
0.3410678505897522,1
0.10525096952915192,1
0.2762559652328491,1
0.14131838083267212,1
0.3311324715614319,1
0.18900173902511597,1
0.14922206103801727,1
0.14438742399215698,1
0.10765792429447174,1
0.29034534096717834,1
0.2177412509918213,1
0.20436890423297882,1
0.17691200971603394,1
0.3161119520664215,1
0.22566922008991241,1
0.21333889663219452,1
0.1459483653306961,1
0.15436360239982605,1
0.21391794085502625,1
0.20018774271011353,1
0.17981119453907013,1
0.22967806458473206,1
0.3880934417247772,1
0.2461368590593338,1
0.19222629070281982,1
0.27913805842399597,1
0.23099350929260254,1
0.19359873235225677,1
0.41217923164367676,1
0.20874303579330444,1
0.19858017563819885,1
0.2619824707508087,1
0.14227893948554993,1
0.25302600860595703,1
0.07228013873100281,1
0.1729680597782135,1
0.13977858424186707,1
0.3370489776134491,1
0.1498464047908783,1
0.16946925222873688,1
0.11541732400655746,1
0.241367369890213,1
0.30993860960006714,1
0.12903816998004913,1
0.21094805002212524,1
0.1906767636537552,1
0.2225656509399414,1
0.10394641757011414,1
0.1112467348575592,1
0.27831390500068665,1
0.1512063443660736,1
0.2664201259613037,1
0.2409881353378296,1
0.3819968104362488,1
0.2699286937713623,1
0.16243138909339905,1
0.20821300148963928,1
0.11088743805885315,1
0.11709071695804596,1
0.10947917401790619,1
0.22270813584327698,1
0.10288567841053009,1
0.358524352312088,1
0.2277829349040985,1
0.13592256605625153,1
0.25602295994758606,1
0.19316628575325012,1
0.32229191064834595,1
0.3127198815345764,1
0.23123210668563843,1
0.3498215675354004,1
0.18512634932994843,1
0.3548530340194702,1
0.12289083003997803,1
0.13935105502605438,1
0.2572372257709503,1
0.11591938883066177,1
0.2514866888523102,1
0.28244319558143616,1
0.18450728058815002,1
0.17296698689460754,1
0.5224146246910095,1
0.1949281543493271,1
0.17569559812545776,1
0.15848129987716675,1
0.19838838279247284,1
0.1724621206521988,1
0.25407758355140686,1
0.2416260987520218,1
0.2444441318511963,1
0.1647312045097351,1
0.2588050365447998,1
0.16637420654296875,1
0.1590406894683838,1
0.32055699825286865,1
0.3420025408267975,1
0.14690633118152618,1
0.17769509553909302,1
0.15306903421878815,1
0.13749448955059052,1
0.22523151338100433,1
0.14390979707241058,1
0.4315483272075653,1
0.18749715387821198,1
0.13865455985069275,1
0.16450472176074982,1
0.3074926733970642,1
0.17974399030208588,1
0.18999017775058746,1
0.17859086394309998,1
0.19828644394874573,1
0.08028817921876907,1
0.12136492133140564,1
0.16315580904483795,1
0.247888445854187,1
0.11686384677886963,1
0.24562081694602966,1
0.25912007689476013,1
0.18100912868976593,1
0.23440156877040863,1
0.372363418340683,1
0.27875494956970215,1
0.19387799501419067,1
0.1939399242401123,1
0.3473106622695923,1
0.2101847380399704,1
0.1824190467596054,1
0.15882648527622223,1
0.23503659665584564,1
0.12657929956912994,1
0.1214175671339035,1
0.10948257893323898,1
0.25384312868118286,1
0.43002521991729736,1
0.10372892022132874,1
0.2462884932756424,1
0.12951542437076569,1
0.10790576785802841,1
0.3073444962501526,1
0.3117642104625702,1
0.1517493575811386,1
0.06920310854911804,1
0.1730324923992157,1
0.12713326513767242,1
0.22192323207855225,1
0.12955769896507263,1
0.15577325224876404,1
0.1947905570268631,1
0.4005286395549774,1
0.1994222104549408,1
0.4057602286338806,1
0.32778361439704895,1
0.21116405725479126,1
0.039318591356277466,1
0.3246304988861084,1
0.10701045393943787,1
0.47738075256347656,1
0.1740906536579132,1
0.06519025564193726,1
0.16200610995292664,1
0.20189450681209564,1
0.4932761788368225,1
0.1626071333885193,1
0.19064739346504211,1
0.10260848701000214,1
0.15155118703842163,1
0.1422378569841385,1
0.15466585755348206,1
0.35282766819000244,1
0.16213557124137878,1
0.2687508463859558,1
0.304791122674942,1
0.22020204365253448,1
0.15672537684440613,1
0.14737604558467865,1
0.2289412021636963,1
0.23120436072349548,1
0.3578031361103058,1
0.33580446243286133,1
0.1853673756122589,1
0.17807549238204956,1
0.08720149099826813,1
0.17586946487426758,1
0.15086251497268677,1
0.19115951657295227,1
0.1411104053258896,1
0.13448545336723328,1
0.2218545824289322,1
0.18978820741176605,1
0.289287805557251,1
0.3174455165863037,1
0.1692143976688385,1
0.13453567028045654,1
0.2759630084037781,1
0.11789073050022125,1
0.19343352317810059,1
0.09865079820156097,1
0.2871851325035095,1
0.17370577156543732,1
0.17740947008132935,1
0.11105287820100784,1
0.1633811891078949,1
0.1430698186159134,1
0.15487541258335114,1
0.1916186809539795,1
0.16874580085277557,1
0.1120685338973999,1
